Component: ARM Compiler 5.06 update 4 (build 422) Tool: armlink [4d35d2]

==============================================================================

Section Cross References

    main.o(i.main) refers to task.o(i.InitTask) for InitTask
    main.o(i.main) refers to key.o(i.KEY_Scan) for KEY_Scan
    main.o(i.main) refers to ffttask.o(i.FFTTask) for FFTTask
    main.o(i.main) refers to stm32f7xx_hal_gpio.o(i.HAL_GPIO_TogglePin) for HAL_GPIO_TogglePin
    stm32f7xx_it.o(i.SysTick_Handler) refers to stm32f7xx_hal.o(i.HAL_IncTick) for HAL_IncTick
    system_stm32f7xx.o(i.SystemCoreClockUpdate) refers to system_stm32f7xx.o(.data) for SystemCoreClock
    system_stm32f7xx.o(i.SystemCoreClockUpdate) refers to system_stm32f7xx.o(.constdata) for AHBPrescTable
    startup_stm32f767xx.o(STACK) refers (Special) to heapauxi.o(.text) for __use_two_region_memory
    startup_stm32f767xx.o(HEAP) refers (Special) to heapauxi.o(.text) for __use_two_region_memory
    startup_stm32f767xx.o(RESET) refers (Special) to heapauxi.o(.text) for __use_two_region_memory
    startup_stm32f767xx.o(RESET) refers to startup_stm32f767xx.o(STACK) for __initial_sp
    startup_stm32f767xx.o(RESET) refers to startup_stm32f767xx.o(.text) for Reset_Handler
    startup_stm32f767xx.o(RESET) refers to stm32f7xx_it.o(i.NMI_Handler) for NMI_Handler
    startup_stm32f767xx.o(RESET) refers to stm32f7xx_it.o(i.HardFault_Handler) for HardFault_Handler
    startup_stm32f767xx.o(RESET) refers to stm32f7xx_it.o(i.MemManage_Handler) for MemManage_Handler
    startup_stm32f767xx.o(RESET) refers to stm32f7xx_it.o(i.BusFault_Handler) for BusFault_Handler
    startup_stm32f767xx.o(RESET) refers to stm32f7xx_it.o(i.UsageFault_Handler) for UsageFault_Handler
    startup_stm32f767xx.o(RESET) refers to stm32f7xx_it.o(i.SVC_Handler) for SVC_Handler
    startup_stm32f767xx.o(RESET) refers to stm32f7xx_it.o(i.DebugMon_Handler) for DebugMon_Handler
    startup_stm32f767xx.o(RESET) refers to stm32f7xx_it.o(i.PendSV_Handler) for PendSV_Handler
    startup_stm32f767xx.o(RESET) refers to stm32f7xx_it.o(i.SysTick_Handler) for SysTick_Handler
    startup_stm32f767xx.o(RESET) refers to exti.o(i.EXTI0_IRQHandler) for EXTI0_IRQHandler
    startup_stm32f767xx.o(RESET) refers to exti.o(i.EXTI2_IRQHandler) for EXTI2_IRQHandler
    startup_stm32f767xx.o(RESET) refers to exti.o(i.EXTI3_IRQHandler) for EXTI3_IRQHandler
    startup_stm32f767xx.o(RESET) refers to timer.o(i.TIM3_IRQHandler) for TIM3_IRQHandler
    startup_stm32f767xx.o(RESET) refers to usart.o(i.USART1_IRQHandler) for USART1_IRQHandler
    startup_stm32f767xx.o(RESET) refers to exti.o(i.EXTI15_10_IRQHandler) for EXTI15_10_IRQHandler
    startup_stm32f767xx.o(.text) refers (Special) to heapauxi.o(.text) for __use_two_region_memory
    startup_stm32f767xx.o(.text) refers to system_stm32f7xx.o(i.SystemInit) for SystemInit
    startup_stm32f767xx.o(.text) refers to __main.o(!!!main) for __main
    startup_stm32f767xx.o(.text) refers to startup_stm32f767xx.o(HEAP) for Heap_Mem
    startup_stm32f767xx.o(.text) refers to startup_stm32f767xx.o(STACK) for Stack_Mem
    stm32f7xx_hal.o(i.HAL_DeInit) refers to stm32f7xx_hal.o(i.HAL_MspDeInit) for HAL_MspDeInit
    stm32f7xx_hal.o(i.HAL_Delay) refers to stm32f7xx_hal.o(i.HAL_GetTick) for HAL_GetTick
    stm32f7xx_hal.o(i.HAL_GetTick) refers to stm32f7xx_hal.o(.data) for uwTick
    stm32f7xx_hal.o(i.HAL_IncTick) refers to stm32f7xx_hal.o(.data) for uwTick
    stm32f7xx_hal.o(i.HAL_Init) refers to stm32f7xx_hal_cortex.o(i.HAL_NVIC_SetPriorityGrouping) for HAL_NVIC_SetPriorityGrouping
    stm32f7xx_hal.o(i.HAL_Init) refers to stm32f7xx_hal.o(i.HAL_InitTick) for HAL_InitTick
    stm32f7xx_hal.o(i.HAL_Init) refers to stm32f7xx_hal.o(i.HAL_MspInit) for HAL_MspInit
    stm32f7xx_hal.o(i.HAL_InitTick) refers to stm32f7xx_hal_cortex.o(i.HAL_SYSTICK_Config) for HAL_SYSTICK_Config
    stm32f7xx_hal.o(i.HAL_InitTick) refers to stm32f7xx_hal_cortex.o(i.HAL_NVIC_SetPriority) for HAL_NVIC_SetPriority
    stm32f7xx_hal.o(i.HAL_InitTick) refers to system_stm32f7xx.o(.data) for SystemCoreClock
    stm32f7xx_hal_cortex.o(i.HAL_NVIC_GetPriorityGrouping) refers to stm32f7xx_hal_cortex.o(i.NVIC_GetPriorityGrouping) for NVIC_GetPriorityGrouping
    stm32f7xx_hal_cortex.o(i.HAL_NVIC_SetPriority) refers to stm32f7xx_hal_cortex.o(i.NVIC_GetPriorityGrouping) for NVIC_GetPriorityGrouping
    stm32f7xx_hal_cortex.o(i.HAL_NVIC_SetPriority) refers to stm32f7xx_hal_cortex.o(i.NVIC_SetPriority) for NVIC_SetPriority
    stm32f7xx_hal_cortex.o(i.HAL_SYSTICK_Config) refers to stm32f7xx_hal_cortex.o(i.NVIC_SetPriority) for NVIC_SetPriority
    stm32f7xx_hal_cortex.o(i.HAL_SYSTICK_IRQHandler) refers to stm32f7xx_hal_cortex.o(i.HAL_SYSTICK_Callback) for HAL_SYSTICK_Callback
    stm32f7xx_hal_dma.o(i.DMA_CalcBaseAndBitshift) refers to stm32f7xx_hal_dma.o(.constdata) for flagBitshiftOffset
    stm32f7xx_hal_dma.o(i.HAL_DMA_Abort) refers to stm32f7xx_hal.o(i.HAL_GetTick) for HAL_GetTick
[...]
    i.HAL_RCC_ClockConfig                    0x08002168   Section        0  stm32f7xx_hal_rcc.o(i.HAL_RCC_ClockConfig)
    i.HAL_RCC_GetSysClockFreq                0x0800231c   Section        0  stm32f7xx_hal_rcc.o(i.HAL_RCC_GetSysClockFreq)
    i.HAL_RCC_OscConfig                      0x080023d0   Section        0  stm32f7xx_hal_rcc_ex.o(i.HAL_RCC_OscConfig)
    i.HAL_SRAM_Init                          0x080028a0   Section        0  stm32f7xx_hal_sram.o(i.HAL_SRAM_Init)
    i.HAL_SRAM_MspInit                       0x080028f8   Section        0  lcd.o(i.HAL_SRAM_MspInit)
    i.HAL_SYSTICK_CLKSourceConfig            0x08002990   Section        0  stm32f7xx_hal_cortex.o(i.HAL_SYSTICK_CLKSourceConfig)
    i.HAL_SYSTICK_Config                     0x080029b8   Section        0  stm32f7xx_hal_cortex.o(i.HAL_SYSTICK_Config)
    i.HAL_TIMEx_BreakCallback                0x080029ec   Section        0  stm32f7xx_hal_tim_ex.o(i.HAL_TIMEx_BreakCallback)
    i.HAL_TIMEx_CommutationCallback          0x080029ee   Section        0  stm32f7xx_hal_tim_ex.o(i.HAL_TIMEx_CommutationCallback)
    i.HAL_TIM_IC_CaptureCallback             0x080029f0   Section        0  stm32f7xx_hal_tim.o(i.HAL_TIM_IC_CaptureCallback)
    i.HAL_TIM_IRQHandler                     0x080029f2   Section        0  stm32f7xx_hal_tim.o(i.HAL_TIM_IRQHandler)
    i.HAL_TIM_OC_DelayElapsedCallback        0x08002baa   Section        0  stm32f7xx_hal_tim.o(i.HAL_TIM_OC_DelayElapsedCallback)
    i.HAL_TIM_PWM_PulseFinishedCallback      0x08002bac   Section        0  stm32f7xx_hal_tim.o(i.HAL_TIM_PWM_PulseFinishedCallback)
    i.HAL_TIM_PeriodElapsedCallback          0x08002bb0   Section        0  timer.o(i.HAL_TIM_PeriodElapsedCallback)
    i.HAL_TIM_TriggerCallback                0x08002bcc   Section        0  stm32f7xx_hal_tim.o(i.HAL_TIM_TriggerCallback)
    i.HAL_UART_ErrorCallback                 0x08002bce   Section        0  stm32f7xx_hal_uart.o(i.HAL_UART_ErrorCallback)
    i.HAL_UART_GetState                      0x08002bd0   Section        0  stm32f7xx_hal_uart.o(i.HAL_UART_GetState)
    i.HAL_UART_IRQHandler                    0x08002be4   Section        0  stm32f7xx_hal_uart.o(i.HAL_UART_IRQHandler)
    i.HAL_UART_Receive_IT                    0x08002d40   Section        0  stm32f7xx_hal_uart.o(i.HAL_UART_Receive_IT)
    i.HAL_UART_RxCpltCallback                0x08002e08   Section        0  usart.o(i.HAL_UART_RxCpltCallback)
    i.HAL_UART_TxCpltCallback                0x08002e90   Section        0  stm32f7xx_hal_uart.o(i.HAL_UART_TxCpltCallback)
    i.HardFault_Handler                      0x08002e92   Section        0  stm32f7xx_it.o(i.HardFault_Handler)
    i.InitTask                               0x08002e98   Section        0  task.o(i.InitTask)
    i.KEY_Scan                               0x0800300c   Section        0  key.o(i.KEY_Scan)
    i.LCD_Clear                              0x080030d8   Section        0  lcd.o(i.LCD_Clear)
    i.LCD_Display_Dir                        0x0800310c   Section        0  lcd.o(i.LCD_Display_Dir)
    i.LCD_DrawLine                           0x0800326c   Section        0  lcd.o(i.LCD_DrawLine)
    i.LCD_DrawPicture                        0x0800331c   Section        0  lcd.o(i.LCD_DrawPicture)
    i.LCD_DrawPoint                          0x0800336c   Section        0  lcd.o(i.LCD_DrawPoint)
    i.LCD_Fast_DrawPoint                     0x08003390   Section        0  lcd.o(i.LCD_Fast_DrawPoint)
    i.LCD_Init                               0x08003498   Section        0  lcd.o(i.LCD_Init)
    i.LCD_MPU_Config                         0x080058f4   Section        0  lcd.o(i.LCD_MPU_Config)
    i.LCD_Pow                                0x08005978   Section        0  lcd.o(i.LCD_Pow)
    i.LCD_RD_DATA                            0x08005990   Section        0  lcd.o(i.LCD_RD_DATA)
    i.LCD_SSD_BackLightSet                   0x080059a4   Section        0  lcd.o(i.LCD_SSD_BackLightSet)
    i.LCD_Scan_Dir                           0x080059f4   Section        0  lcd.o(i.LCD_Scan_Dir)
    i.LCD_SetCursor                          0x08005c68   Section        0  lcd.o(i.LCD_SetCursor)
    i.LCD_ShowChar                           0x08005da0   Section        0  lcd.o(i.LCD_ShowChar)
    i.LCD_ShowString                         0x08005edc   Section        0  lcd.o(i.LCD_ShowString)
    i.LCD_ShowxNum                           0x08005f42   Section        0  lcd.o(i.LCD_ShowxNum)
    i.LCD_WR_DATA                            0x08006000   Section        0  lcd.o(i.LCD_WR_DATA)
    i.LCD_WR_REG                             0x08006018   Section        0  lcd.o(i.LCD_WR_REG)
    i.LCD_WriteRAM_Prepare                   0x08006030   Section        0  lcd.o(i.LCD_WriteRAM_Prepare)
    i.LCD_WriteReg                           0x08006044   Section        0  lcd.o(i.LCD_WriteReg)
    i.LED_Init                               0x08006054   Section        0  led.o(i.LED_Init)
    i.MY_ADC_Init                            0x080060c0   Section        0  adc.o(i.MY_ADC_Init)
    i.MemManage_Handler                      0x08006104   Section        0  stm32f7xx_it.o(i.MemManage_Handler)
    i.NMI_Handler                            0x08006108   Section        0  stm32f7xx_it.o(i.NMI_Handler)
    i.NVIC_GetPriorityGrouping               0x0800610c   Section        0  stm32f7xx_hal_cortex.o(i.NVIC_GetPriorityGrouping)
    NVIC_GetPriorityGrouping                 0x0800610d   Thumb Code    10  stm32f7xx_hal_cortex.o(i.NVIC_GetPriorityGrouping)
    i.NVIC_SetPriority                       0x0800611c   Section        0  stm32f7xx_hal_cortex.o(i.NVIC_SetPriority)
    NVIC_SetPriority                         0x0800611d   Thumb Code    32  stm32f7xx_hal_cortex.o(i.NVIC_SetPriority)
    i.PendSV_Handler                         0x08006144   Section        0  stm32f7xx_it.o(i.PendSV_Handler)
    i.SCB_EnableDCache                       0x08006148   Section        0  sys.o(i.SCB_EnableDCache)
    SCB_EnableDCache                         0x08006149   Thumb Code   148  sys.o(i.SCB_EnableDCache)
    i.SPI_Init                               0x080061e4   Section        0  myspi.o(i.SPI_Init)
    i.SVC_Handler                            0x08006264   Section        0  stm32f7xx_it.o(i.SVC_Handler)
    i.SelectTask                             0x08006268   Section        0  task.o(i.SelectTask)
    i.ShowTask                               0x080063a0   Section        0  ffttask.o(i.ShowTask)
    i.Stm32_Clock_Init                       0x08006984   Section        0  sys.o(i.Stm32_Clock_Init)
    i.SysTick_Handler                        0x08006a38   Section        0  stm32f7xx_it.o(i.SysTick_Handler)
    i.SystemInit                             0x08006a40   Section        0  system_stm32f7xx.o(i.SystemInit)
    i.TIM3_IRQHandler                        0x08006aa4   Section        0  timer.o(i.TIM3_IRQHandler)
    i.UART_DMAAbortOnError                   0x08006ab4   Section        0  stm32f7xx_hal_uart.o(i.UART_DMAAbortOnError)
    UART_DMAAbortOnError                     0x08006ab5   Thumb Code    24  stm32f7xx_hal_uart.o(i.UART_DMAAbortOnError)
    i.UART_EndRxTransfer                     0x08006acc   Section        0  stm32f7xx_hal_uart.o(i.UART_EndRxTransfer)
    UART_EndRxTransfer                       0x08006acd   Thumb Code    32  stm32f7xx_hal_uart.o(i.UART_EndRxTransfer)
    i.UART_EndTransmit_IT                    0x08006aec   Section        0  stm32f7xx_hal_uart.o(i.UART_EndTransmit_IT)
    UART_EndTransmit_IT                      0x08006aed   Thumb Code    32  stm32f7xx_hal_uart.o(i.UART_EndTransmit_IT)
    i.UART_Receive_IT                        0x08006b0c   Section        0  stm32f7xx_hal_uart.o(i.UART_Receive_IT)
    UART_Receive_IT                          0x08006b0d   Thumb Code   136  stm32f7xx_hal_uart.o(i.UART_Receive_IT)
    i.UART_Transmit_IT                       0x08006b94   Section        0  stm32f7xx_hal_uart.o(i.UART_Transmit_IT)
    UART_Transmit_IT                         0x08006b95   Thumb Code   106  stm32f7xx_hal_uart.o(i.UART_Transmit_IT)
    i.USART1_IRQHandler                      0x08006c00   Section        0  usart.o(i.USART1_IRQHandler)
    i.UsageFault_Handler                     0x08006c50   Section        0  stm32f7xx_it.o(i.UsageFault_Handler)
    i.__ARM_fpclassify                       0x08006c54   Section        0  fpclassify.o(i.__ARM_fpclassify)
    i.__hardfp_cos                           0x08006c88   Section        0  cos.o(i.__hardfp_cos)
    i.__hardfp_pow                           0x08006d38   Section        0  pow.o(i.__hardfp_pow)
    i.__hardfp_sqrt                          0x08007630   Section        0  sqrt_full.o(i.__hardfp_sqrt)
    i.__ieee754_rem_pio2                     0x08007698   Section        0  rred.o(i.__ieee754_rem_pio2)
    i.__kernel_cos                           0x080079a8   Section        0  cos_i.o(i.__kernel_cos)
    i.__kernel_poly                          0x08007a88   Section        0  poly.o(i.__kernel_poly)
    i.__kernel_sin                           0x08007af8   Section        0  sin_i.o(i.__kernel_sin)
    i.__mathlib_dbl_divzero                  0x08007ba0   Section        0  dunder.o(i.__mathlib_dbl_divzero)
    i.__mathlib_dbl_infnan2                  0x08007bc0   Section        0  dunder.o(i.__mathlib_dbl_infnan2)
    i.__mathlib_dbl_invalid                  0x08007bc8   Section        0  dunder.o(i.__mathlib_dbl_invalid)
    i.__mathlib_dbl_overflow                 0x08007be0   Section        0  dunder.o(i.__mathlib_dbl_overflow)
    i.__mathlib_dbl_underflow                0x08007bf8   Section        0  dunder.o(i.__mathlib_dbl_underflow)
    i._sys_exit                              0x08007c10   Section        0  usart.o(i._sys_exit)
    i._ttywrch                               0x08007c14   Section        0  usart.o(i._ttywrch)
    i.calculate_A                            0x08007c18   Section        0  ffttask.o(i.calculate_A)
    i.calculate_f                            0x08007d88   Section        0  ffttask.o(i.calculate_f)
    i.correct_f_3                            0x08007df0   Section        0  ffttask.o(i.correct_f_3)
    i.delay_init                             0x08007e5c   Section        0  delay.o(i.delay_init)
    i.delay_ms                               0x08007e70   Section        0  delay.o(i.delay_ms)
    i.delay_us                               0x08007e88   Section        0  delay.o(i.delay_us)
    i.fabs                                   0x08007ed0   Section        0  fabs.o(i.fabs)
    i.fputc                                  0x08007ee8   Section        0  usart.o(i.fputc)
    i.main                                   0x08007f04   Section        0  main.o(i.main)
    i.sqrt                                   0x08007f34   Section        0  sqrt_full.o(i.sqrt)
    x$fpl$dcheck1                            0x08007f9e   Section       28  dcheck1.o(x$fpl$dcheck1)
    $v0                                      0x08007f9e   Number         0  dcheck1.o(x$fpl$dcheck1)
    x$fpl$drenorm                            0x08007fba   Section      112  drenorm_clz.o(x$fpl$drenorm)
    $v0                                      0x08007fba   Number         0  drenorm_clz.o(x$fpl$drenorm)
    x$fpl$dunder                             0x0800802a   Section      378  dunder_clz.o(x$fpl$dunder)
    $v0                                      0x0800802a   Number         0  dunder_clz.o(x$fpl$dunder)
    x$fpl$exception                          0x080081a4   Section      492  except.o(x$fpl$exception)
    $v0                                      0x080081a4   Number         0  except.o(x$fpl$exception)
    x$fpl$fpinit                             0x08008390   Section       10  fpinit.o(x$fpl$fpinit)
    $v0                                      0x08008390   Number         0  fpinit.o(x$fpl$fpinit)
    x$fpl$retnan                             0x0800839a   Section      178  retnan.o(x$fpl$retnan)
    $v0                                      0x0800839a   Number         0  retnan.o(x$fpl$retnan)
    x$fpl$scalbn                             0x0800844c   Section      276  scalbn_clz.o(x$fpl$scalbn)
    $v0                                      0x0800844c   Number         0  scalbn_clz.o(x$fpl$scalbn)
    x$fpl$trapveneer                         0x08008560   Section      126  trapv.o(x$fpl$trapveneer)
    $v0                                      0x08008560   Number         0  trapv.o(x$fpl$trapveneer)
    .constdata                               0x080085de   Section       24  system_stm32f7xx.o(.constdata)
    x$fpl$usenofp                            0x080085de   Section        0  usenofp.o(x$fpl$usenofp)
    .constdata                               0x080085f6   Section    18240  lcd.o(.constdata)
    .constdata                               0x0800cd36   Section     2048  arm_common_tables.o(.constdata)
    .constdata                               0x0800d538   Section    32768  arm_common_tables.o(.constdata)
    .constdata                               0x08015538   Section       40  _printf_hex_int.o(.constdata)
    uc_hextab                                0x08015538   Data          20  _printf_hex_int.o(.constdata)
    lc_hextab                                0x0801554c   Data          20  _printf_hex_int.o(.constdata)
    .constdata                               0x08015560   Section      136  pow.o(.constdata)
    bp                                       0x08015560   Data          16  pow.o(.constdata)
    dp_h                                     0x08015570   Data          16  pow.o(.constdata)
    dp_l                                     0x08015580   Data          16  pow.o(.constdata)
    L                                        0x08015590   Data          48  pow.o(.constdata)
    P                                        0x080155c0   Data          40  pow.o(.constdata)
    .constdata                               0x080155e8   Section       48  cos_i.o(.constdata)
    C                                        0x080155e8   Data          48  cos_i.o(.constdata)
    .constdata                               0x08015618   Section        8  qnan.o(.constdata)
    .constdata                               0x08015620   Section      200  rred.o(.constdata)
    pio2s                                    0x08015620   Data          48  rred.o(.constdata)
    twooverpi                                0x08015650   Data         152  rred.o(.constdata)
    .constdata                               0x080156e8   Section       40  sin_i.o(.constdata)
    S                                        0x080156e8   Data          40  sin_i.o(.constdata)
    .data                                    0x20020000   Section        4  system_stm32f7xx.o(.data)
    .data                                    0x20020004   Section        4  stm32f7xx_hal.o(.data)
    .data                                    0x20020008   Section        4  delay.o(.data)
    fac_us                                   0x20020008   Data           4  delay.o(.data)
    .data                                    0x2002000c   Section        7  usart.o(.data)
    .data                                    0x20020013   Section        1  key.o(.data)
    key_up                                   0x20020013   Data           1  key.o(.data)
    .data                                    0x20020014   Section        8  lcd.o(.data)
    .data                                    0x2002001c   Section        2  exti.o(.data)
    led0sta                                  0x2002001c   Data           1  exti.o(.data)
    led1sta                                  0x2002001d   Data           1  exti.o(.data)
    .data                                    0x2002001e   Section    123024  task.o(.data)
    .data                                    0x2003e0b0   Section       20  ffttask.o(.data)
    adc_ch                                   0x2003e0b0   Data           4  ffttask.o(.data)
    Fs                                       0x2003e0b4   Data           2  ffttask.o(.data)
    k1                                       0x2003e0b8   Data           4  ffttask.o(.data)
    k2                                       0x2003e0bc   Data           4  ffttask.o(.data)
    yn                                       0x2003e0c0   Data           4  ffttask.o(.data)
    .bss                                     0x2003e0c4   Section      312  usart.o(.bss)
    .bss                                     0x2003e1fc   Section       90  lcd.o(.bss)
    .bss                                     0x2003e258   Section       72  adc.o(.bss)
    .bss                                     0x2003e2a0   Section       20  dac.o(.bss)
    .bss                                     0x2003e2b4   Section       60  timer.o(.bss)
    .bss                                     0x2003e2f0   Section    116368  ffttask.o(.bss)
    fft_inputbuf                             0x2003e2f0   Data       32768  ffttask.o(.bss)
    fft_outputbuf                            0x200462f0   Data       16384  ffttask.o(.bss)
    fft_powerbuf                             0x2004a2f0   Data       16384  ffttask.o(.bss)
    idx                                      0x2004e2f0   Data          20  ffttask.o(.bss)
    harmonic_f                               0x2004e304   Data          40  ffttask.o(.bss)
    Am                                       0x2004e32c   Data          20  ffttask.o(.bss)
    adcinput                                 0x2004e340   Data        1600  ffttask.o(.bss)
    outputdata                               0x2004e980   Data       16384  ffttask.o(.bss)
    outputdata                               0x20052980   Data       16384  ffttask.o(.bss)
    inputdata                                0x20056980   Data       16384  ffttask.o(.bss)
    .bss                                     0x2005a980   Section       96  libspace.o(.bss)
    HEAP                                     0x2005a9e0   Section      512  startup_stm32f767xx.o(HEAP)
    Heap_Mem                                 0x2005a9e0   Data         512  startup_stm32f767xx.o(HEAP)
    STACK                                    0x2005abe0   Section    16384  startup_stm32f767xx.o(STACK)
    Stack_Mem                                0x2005abe0   Data       16384  startup_stm32f767xx.o(STACK)
    __initial_sp                             0x2005ebe0   Data           0  startup_stm32f767xx.o(STACK)

    Global Symbols

    Symbol Name                              Value     Ov Type        Size  Object(Section)

    BuildAttributes$$THM_ISAv4$E$P$D$K$B$S$7EM$VFPv5_D16$PE$PLD8$A:L22UL41UL21$X:L11$S22US41US21$IEEE1$IW$USESV6$~STKCKD$USESV7$~SHL$OTIME$ROPI$IEEEX$EBA8$UX$STANDARDLIB$REQ8$PRES8$EABIv2 0x00000000   Number         0  anon$$obj.o ABSOLUTE
    __ARM_use_no_argv                        0x00000000   Number         0  main.o ABSOLUTE
    __ARM_exceptions_init                     - Undefined Weak Reference
    __alloca_initialize                       - Undefined Weak Reference
    __arm_preinit_                            - Undefined Weak Reference
    __cpp_initialize__aeabi_                  - Undefined Weak Reference
    __cxa_finalize                            - Undefined Weak Reference
    __rt_locale                               - Undefined Weak Reference
    __sigvec_lookup                           - Undefined Weak Reference
    _atexit_init                              - Undefined Weak Reference
    _call_atexit_fns                          - Undefined Weak Reference
    _clock_init                               - Undefined Weak Reference
    _fp_trap_big                              - Undefined Weak Reference
    _fp_trap_init                             - Undefined Weak Reference
    _fp_trap_shutdown                         - Undefined Weak Reference
    _get_lc_collate                           - Undefined Weak Reference
    _get_lc_ctype                             - Undefined Weak Reference
    _get_lc_monetary                          - Undefined Weak Reference
    _get_lc_numeric                           - Undefined Weak Reference
    _get_lc_time                              - Undefined Weak Reference
    _getenv_init                              - Undefined Weak Reference
    _handle_redirection                       - Undefined Weak Reference
    _init_alloc                               - Undefined Weak Reference
    _init_user_alloc                          - Undefined Weak Reference
    _initio                                   - Undefined Weak Reference
    _mutex_acquire                            - Undefined Weak Reference
    _mutex_release                            - Undefined Weak Reference
    _printf_post_padding                      - Undefined Weak Reference
    _printf_pre_padding                       - Undefined Weak Reference
    _printf_truncate_unsigned                 - Undefined Weak Reference
    _rand_init                                - Undefined Weak Reference
    _signal_finish                            - Undefined Weak Reference
    _signal_init                              - Undefined Weak Reference
    _terminate_alloc                          - Undefined Weak Reference
    _terminate_user_alloc                     - Undefined Weak Reference
    _terminateio                              - Undefined Weak Reference
    __Vectors_Size                           0x000001f8   Number         0  startup_stm32f767xx.o ABSOLUTE
    __Vectors                                0x08000000   Data           4  startup_stm32f767xx.o(RESET)
    __Vectors_End                            0x080001f8   Data           0  startup_stm32f767xx.o(RESET)
    __main                                   0x080001f9   Thumb Code     8  __main.o(!!!main)
    __scatterload                            0x08000201   Thumb Code     0  __scatter.o(!!!scatter)
    __scatterload_rt2                        0x08000201   Thumb Code    44  __scatter.o(!!!scatter)
    __scatterload_rt2_thumb_only             0x08000201   Thumb Code     0  __scatter.o(!!!scatter)
    __scatterload_null                       0x0800020f   Thumb Code     0  __scatter.o(!!!scatter)
    __decompress                             0x08000235   Thumb Code   100  __dclz77c.o(!!dclz77c)
    __decompress2                            0x08000235   Thumb Code     0  __dclz77c.o(!!dclz77c)
    __scatterload_zeroinit                   0x08000299   Thumb Code    28  __scatter_zi.o(!!handler_zi)
    _printf_percent                          0x080002b5   Thumb Code     0  _printf_percent.o(.ARM.Collect$$_printf_percent$$00000000)
    _printf_x                                0x080002b5   Thumb Code     0  _printf_x.o(.ARM.Collect$$_printf_percent$$0000000C)
    _printf_percent_end                      0x080002bb   Thumb Code     0  _printf_percent_end.o(.ARM.Collect$$_printf_percent$$00000017)
    __rt_lib_init                            0x080002bf   Thumb Code     0  libinit.o(.ARM.Collect$$libinit$$00000000)
    __rt_lib_init_fp_1                       0x080002c1   Thumb Code     0  libinit2.o(.ARM.Collect$$libinit$$00000001)
    __rt_lib_init_alloca_1                   0x080002c5   Thumb Code     0  libinit2.o(.ARM.Collect$$libinit$$0000002E)
    __rt_lib_init_argv_1                     0x080002c5   Thumb Code     0  libinit2.o(.ARM.Collect$$libinit$$0000002C)
    __rt_lib_init_atexit_1                   0x080002c5   Thumb Code     0  libinit2.o(.ARM.Collect$$libinit$$0000001B)
    __rt_lib_init_clock_1                    0x080002c5   Thumb Code     0  libinit2.o(.ARM.Collect$$libinit$$00000021)
    __rt_lib_init_cpp_1                      0x080002c5   Thumb Code     0  libinit2.o(.ARM.Collect$$libinit$$00000032)
    __rt_lib_init_exceptions_1               0x080002c5   Thumb Code     0  libinit2.o(.ARM.Collect$$libinit$$00000030)
    __rt_lib_init_fp_trap_1                  0x080002c5   Thumb Code     0  libinit2.o(.ARM.Collect$$libinit$$0000001F)
    __rt_lib_init_getenv_1                   0x080002c5   Thumb Code     0  libinit2.o(.ARM.Collect$$libinit$$00000023)
    __rt_lib_init_heap_1                     0x080002c5   Thumb Code     0  libinit2.o(.ARM.Collect$$libinit$$0000000A)
    __rt_lib_init_lc_collate_1               0x080002c5   Thumb Code     0  libinit2.o(.ARM.Collect$$libinit$$00000011)
    __rt_lib_init_lc_ctype_1                 0x080002c5   Thumb Code     0  libinit2.o(.ARM.Collect$$libinit$$00000013)
    __rt_lib_init_lc_monetary_1              0x080002c5   Thumb Code     0  libinit2.o(.ARM.Collect$$libinit$$00000015)
    __rt_lib_init_lc_numeric_1               0x080002c5   Thumb Code     0  libinit2.o(.ARM.Collect$$libinit$$00000017)
    __rt_lib_init_lc_time_1                  0x080002c5   Thumb Code     0  libinit2.o(.ARM.Collect$$libinit$$00000019)
    __rt_lib_init_preinit_1                  0x080002c5   Thumb Code     0  libinit2.o(.ARM.Collect$$libinit$$00000004)
    __rt_lib_init_rand_1                     0x080002c5   Thumb Code     0  libinit2.o(.ARM.Collect$$libinit$$0000000E)
    __rt_lib_init_return                     0x080002c5   Thumb Code     0  libinit2.o(.ARM.Collect$$libinit$$00000033)
    __rt_lib_init_signal_1                   0x080002c5   Thumb Code     0  libinit2.o(.ARM.Collect$$libinit$$0000001D)
    __rt_lib_init_stdio_1                    0x080002c5   Thumb Code     0  libinit2.o(.ARM.Collect$$libinit$$00000025)
    __rt_lib_init_user_alloc_1               0x080002c5   Thumb Code     0  libinit2.o(.ARM.Collect$$libinit$$0000000C)
    __rt_lib_shutdown                        0x080002c7   Thumb Code     0  libshutdown.o(.ARM.Collect$$libshutdown$$00000000)
    __rt_lib_shutdown_cpp_1                  0x080002c9   Thumb Code     0  libshutdown2.o(.ARM.Collect$$libshutdown$$00000002)
    __rt_lib_shutdown_fp_trap_1              0x080002c9   Thumb Code     0  libshutdown2.o(.ARM.Collect$$libshutdown$$00000007)
    __rt_lib_shutdown_heap_1                 0x080002c9   Thumb Code     0  libshutdown2.o(.ARM.Collect$$libshutdown$$0000000F)
    __rt_lib_shutdown_return                 0x080002c9   Thumb Code     0  libshutdown2.o(.ARM.Collect$$libshutdown$$00000010)
    __rt_lib_shutdown_signal_1               0x080002c9   Thumb Code     0  libshutdown2.o(.ARM.Collect$$libshutdown$$0000000A)
    __rt_lib_shutdown_stdio_1                0x080002c9   Thumb Code     0  libshutdown2.o(.ARM.Collect$$libshutdown$$00000004)
    __rt_lib_shutdown_user_alloc_1           0x080002c9   Thumb Code     0  libshutdown2.o(.ARM.Collect$$libshutdown$$0000000C)
    __rt_entry                               0x080002cb   Thumb Code     0  __rtentry.o(.ARM.Collect$$rtentry$$00000000)
    __rt_entry_presh_1                       0x080002cb   Thumb Code     0  __rtentry2.o(.ARM.Collect$$rtentry$$00000002)
    __rt_entry_sh                            0x080002cb   Thumb Code     0  __rtentry4.o(.ARM.Collect$$rtentry$$00000004)
    __rt_entry_li                            0x080002d1   Thumb Code     0  __rtentry2.o(.ARM.Collect$$rtentry$$0000000A)
    __rt_entry_postsh_1                      0x080002d1   Thumb Code     0  __rtentry2.o(.ARM.Collect$$rtentry$$00000009)
    __rt_entry_main                          0x080002d5   Thumb Code     0  __rtentry2.o(.ARM.Collect$$rtentry$$0000000D)
    __rt_entry_postli_1                      0x080002d5   Thumb Code     0  __rtentry2.o(.ARM.Collect$$rtentry$$0000000C)
    __rt_exit                                0x080002dd   Thumb Code     0  rtexit.o(.ARM.Collect$$rtexit$$00000000)
    __rt_exit_ls                             0x080002df   Thumb Code     0  rtexit2.o(.ARM.Collect$$rtexit$$00000003)
    __rt_exit_prels_1                        0x080002df   Thumb Code     0  rtexit2.o(.ARM.Collect$$rtexit$$00000002)
    __rt_exit_exit                           0x080002e3   Thumb Code     0  rtexit2.o(.ARM.Collect$$rtexit$$00000004)
    Reset_Handler                            0x080002e9   Thumb Code     8  startup_stm32f767xx.o(.text)
    ADC_IRQHandler                           0x08000303   Thumb Code     0  startup_stm32f767xx.o(.text)
    CAN1_RX0_IRQHandler                      0x08000303   Thumb Code     0  startup_stm32f767xx.o(.text)
    CAN1_RX1_IRQHandler                      0x08000303   Thumb Code     0  startup_stm32f767xx.o(.text)
    CAN1_SCE_IRQHandler                      0x08000303   Thumb Code     0  startup_stm32f767xx.o(.text)
    CAN1_TX_IRQHandler                       0x08000303   Thumb Code     0  startup_stm32f767xx.o(.text)
    CAN2_RX0_IRQHandler                      0x08000303   Thumb Code     0  startup_stm32f767xx.o(.text)
    CAN2_RX1_IRQHandler                      0x08000303   Thumb Code     0  startup_stm32f767xx.o(.text)
    CAN2_SCE_IRQHandler                      0x08000303   Thumb Code     0  startup_stm32f767xx.o(.text)
    CAN2_TX_IRQHandler                       0x08000303   Thumb Code     0  startup_stm32f767xx.o(.text)
    CAN3_RX0_IRQHandler                      0x08000303   Thumb Code     0  startup_stm32f767xx.o(.text)
    CAN3_RX1_IRQHandler                      0x08000303   Thumb Code     0  startup_stm32f767xx.o(.text)
    CAN3_SCE_IRQHandler                      0x08000303   Thumb Code     0  startup_stm32f767xx.o(.text)
    CAN3_TX_IRQHandler                       0x08000303   Thumb Code     0  startup_stm32f767xx.o(.text)
    CEC_IRQHandler                           0x08000303   Thumb Code     0  startup_stm32f767xx.o(.text)
    DCMI_IRQHandler                          0x08000303   Thumb Code     0  startup_stm32f767xx.o(.text)
    DFSDM1_FLT0_IRQHandler                   0x08000303   Thumb Code     0  startup_stm32f767xx.o(.text)
    DFSDM1_FLT1_IRQHandler                   0x08000303   Thumb Code     0  startup_stm32f767xx.o(.text)
    DFSDM1_FLT2_IRQHandler                   0x08000303   Thumb Code     0  startup_stm32f767xx.o(.text)
    DFSDM1_FLT3_IRQHandler                   0x08000303   Thumb Code     0  startup_stm32f767xx.o(.text)
    DMA1_Stream0_IRQHandler                  0x08000303   Thumb Code     0  startup_stm32f767xx.o(.text)
    DMA1_Stream1_IRQHandler                  0x08000303   Thumb Code     0  startup_stm32f767xx.o(.text)
    DMA1_Stream2_IRQHandler                  0x08000303   Thumb Code     0  startup_stm32f767xx.o(.text)
    DMA1_Stream3_IRQHandler                  0x08000303   Thumb Code     0  startup_stm32f767xx.o(.text)
    DMA1_Stream4_IRQHandler                  0x08000303   Thumb Code     0  startup_stm32f767xx.o(.text)
    DMA1_Stream5_IRQHandler                  0x08000303   Thumb Code     0  startup_stm32f767xx.o(.text)
    DMA1_Stream6_IRQHandler                  0x08000303   Thumb Code     0  startup_stm32f767xx.o(.text)
    DMA1_Stream7_IRQHandler                  0x08000303   Thumb Code     0  startup_stm32f767xx.o(.text)
    DMA2D_IRQHandler                         0x08000303   Thumb Code     0  startup_stm32f767xx.o(.text)
    DMA2_Stream0_IRQHandler                  0x08000303   Thumb Code     0  startup_stm32f767xx.o(.text)
    DMA2_Stream1_IRQHandler                  0x08000303   Thumb Code     0  startup_stm32f767xx.o(.text)
    DMA2_Stream2_IRQHandler                  0x08000303   Thumb Code     0  startup_stm32f767xx.o(.text)
    DMA2_Stream3_IRQHandler                  0x08000303   Thumb Code     0  startup_stm32f767xx.o(.text)
    DMA2_Stream4_IRQHandler                  0x08000303   Thumb Code     0  startup_stm32f767xx.o(.text)
    DMA2_Stream5_IRQHandler                  0x08000303   Thumb Code     0  startup_stm32f767xx.o(.text)
    DMA2_Stream6_IRQHandler                  0x08000303   Thumb Code     0  startup_stm32f767xx.o(.text)
    DMA2_Stream7_IRQHandler                  0x08000303   Thumb Code     0  startup_stm32f767xx.o(.text)
    ETH_IRQHandler                           0x08000303   Thumb Code     0  startup_stm32f767xx.o(.text)
    ETH_WKUP_IRQHandler                      0x08000303   Thumb Code     0  startup_stm32f767xx.o(.text)
    EXTI1_IRQHandler                         0x08000303   Thumb Code     0  startup_stm32f767xx.o(.text)
    EXTI4_IRQHandler                         0x08000303   Thumb Code     0  startup_stm32f767xx.o(.text)
    EXTI9_5_IRQHandler                       0x08000303   Thumb Code     0  startup_stm32f767xx.o(.text)
    FLASH_IRQHandler                         0x08000303   Thumb Code     0  startup_stm32f767xx.o(.text)
    FMC_IRQHandler                           0x08000303   Thumb Code     0  startup_stm32f767xx.o(.text)
    FPU_IRQHandler                           0x08000303   Thumb Code     0  startup_stm32f767xx.o(.text)
    I2C1_ER_IRQHandler                       0x08000303   Thumb Code     0  startup_stm32f767xx.o(.text)
    I2C1_EV_IRQHandler                       0x08000303   Thumb Code     0  startup_stm32f767xx.o(.text)
    I2C2_ER_IRQHandler                       0x08000303   Thumb Code     0  startup_stm32f767xx.o(.text)
    I2C2_EV_IRQHandler                       0x08000303   Thumb Code     0  startup_stm32f767xx.o(.text)
    I2C3_ER_IRQHandler                       0x08000303   Thumb Code     0  startup_stm32f767xx.o(.text)
    I2C3_EV_IRQHandler                       0x08000303   Thumb Code     0  startup_stm32f767xx.o(.text)
    I2C4_ER_IRQHandler                       0x08000303   Thumb Code     0  startup_stm32f767xx.o(.text)
    I2C4_EV_IRQHandler                       0x08000303   Thumb Code     0  startup_stm32f767xx.o(.text)
    JPEG_IRQHandler                          0x08000303   Thumb Code     0  startup_stm32f767xx.o(.text)
    LPTIM1_IRQHandler                        0x08000303   Thumb Code     0  startup_stm32f767xx.o(.text)
    LTDC_ER_IRQHandler                       0x08000303   Thumb Code     0  startup_stm32f767xx.o(.text)
    LTDC_IRQHandler                          0x08000303   Thumb Code     0  startup_stm32f767xx.o(.text)
    MDIOS_IRQHandler                         0x08000303   Thumb Code     0  startup_stm32f767xx.o(.text)
    OTG_FS_IRQHandler                        0x08000303   Thumb Code     0  startup_stm32f767xx.o(.text)
    OTG_FS_WKUP_IRQHandler                   0x08000303   Thumb Code     0  startup_stm32f767xx.o(.text)
    OTG_HS_EP1_IN_IRQHandler                 0x08000303   Thumb Code     0  startup_stm32f767xx.o(.text)
    OTG_HS_EP1_OUT_IRQHandler                0x08000303   Thumb Code     0  startup_stm32f767xx.o(.text)
    OTG_HS_IRQHandler                        0x08000303   Thumb Code     0  startup_stm32f767xx.o(.text)
    OTG_HS_WKUP_IRQHandler                   0x08000303   Thumb Code     0  startup_stm32f767xx.o(.text)
    PVD_IRQHandler                           0x08000303   Thumb Code     0  startup_stm32f767xx.o(.text)
    QUADSPI_IRQHandler                       0x08000303   Thumb Code     0  startup_stm32f767xx.o(.text)
    RCC_IRQHandler                           0x08000303   Thumb Code     0  startup_stm32f767xx.o(.text)
    RNG_IRQHandler                           0x08000303   Thumb Code     0  startup_stm32f767xx.o(.text)
    RTC_Alarm_IRQHandler                     0x08000303   Thumb Code     0  startup_stm32f767xx.o(.text)
    RTC_WKUP_IRQHandler                      0x08000303   Thumb Code     0  startup_stm32f767xx.o(.text)
    SAI1_IRQHandler                          0x08000303   Thumb Code     0  startup_stm32f767xx.o(.text)
    SAI2_IRQHandler                          0x08000303   Thumb Code     0  startup_stm32f767xx.o(.text)
    SDMMC1_IRQHandler                        0x08000303   Thumb Code     0  startup_stm32f767xx.o(.text)
    SDMMC2_IRQHandler                        0x08000303   Thumb Code     0  startup_stm32f767xx.o(.text)
    SPDIF_RX_IRQHandler                      0x08000303   Thumb Code     0  startup_stm32f767xx.o(.text)
    SPI1_IRQHandler                          0x08000303   Thumb Code     0  startup_stm32f767xx.o(.text)
    SPI2_IRQHandler                          0x08000303   Thumb Code     0  startup_stm32f767xx.o(.text)
    SPI3_IRQHandler                          0x08000303   Thumb Code     0  startup_stm32f767xx.o(.text)
    SPI4_IRQHandler                          0x08000303   Thumb Code     0  startup_stm32f767xx.o(.text)
    SPI5_IRQHandler                          0x08000303   Thumb Code     0  startup_stm32f767xx.o(.text)
    SPI6_IRQHandler                          0x08000303   Thumb Code     0  startup_stm32f767xx.o(.text)
    TAMP_STAMP_IRQHandler                    0x08000303   Thumb Code     0  startup_stm32f767xx.o(.text)
    TIM1_BRK_TIM9_IRQHandler                 0x08000303   Thumb Code     0  startup_stm32f767xx.o(.text)
    TIM1_CC_IRQHandler                       0x08000303   Thumb Code     0  startup_stm32f767xx.o(.text)
    TIM1_TRG_COM_TIM11_IRQHandler            0x08000303   Thumb Code     0  startup_stm32f767xx.o(.text)
    TIM1_UP_TIM10_IRQHandler                 0x08000303   Thumb Code     0  startup_stm32f767xx.o(.text)
    TIM2_IRQHandler                          0x08000303   Thumb Code     0  startup_stm32f767xx.o(.text)
    TIM4_IRQHandler                          0x08000303   Thumb Code     0  startup_stm32f767xx.o(.text)
    TIM5_IRQHandler                          0x08000303   Thumb Code     0  startup_stm32f767xx.o(.text)
    TIM6_DAC_IRQHandler                      0x08000303   Thumb Code     0  startup_stm32f767xx.o(.text)
    TIM7_IRQHandler                          0x08000303   Thumb Code     0  startup_stm32f767xx.o(.text)
    TIM8_BRK_TIM12_IRQHandler                0x08000303   Thumb Code     0  startup_stm32f767xx.o(.text)
    TIM8_CC_IRQHandler                       0x08000303   Thumb Code     0  startup_stm32f767xx.o(.text)
    TIM8_TRG_COM_TIM14_IRQHandler            0x08000303   Thumb Code     0  startup_stm32f767xx.o(.text)
    TIM8_UP_TIM13_IRQHandler                 0x08000303   Thumb Code     0  startup_stm32f767xx.o(.text)
    UART4_IRQHandler                         0x08000303   Thumb Code     0  startup_stm32f767xx.o(.text)
    UART5_IRQHandler                         0x08000303   Thumb Code     0  startup_stm32f767xx.o(.text)
    UART7_IRQHandler                         0x08000303   Thumb Code     0  startup_stm32f767xx.o(.text)
    UART8_IRQHandler                         0x08000303   Thumb Code     0  startup_stm32f767xx.o(.text)
    USART2_IRQHandler                        0x08000303   Thumb Code     0  startup_stm32f767xx.o(.text)
    USART3_IRQHandler                        0x08000303   Thumb Code     0  startup_stm32f767xx.o(.text)
    USART6_IRQHandler                        0x08000303   Thumb Code     0  startup_stm32f767xx.o(.text)
    WWDG_IRQHandler                          0x08000303   Thumb Code     0  startup_stm32f767xx.o(.text)
    __user_initial_stackheap                 0x08000305   Thumb Code     0  startup_stm32f767xx.o(.text)
    arm_cmplx_mag_f32                        0x08000329   Thumb Code   250  arm_cmplx_mag_f32.o(.text)
    arm_radix4_butterfly_f32                 0x08000429   Thumb Code   802  arm_cfft_radix4_f32.o(.text)
    arm_radix4_butterfly_inverse_f32         0x0800074b   Thumb Code   836  arm_cfft_radix4_f32.o(.text)
    arm_cfft_radix4_f32                      0x08000a8f   Thumb Code    60  arm_cfft_radix4_f32.o(.text)
    arm_cfft_radix4_init_f32                 0x08000acd   Thumb Code   152  arm_cfft_radix4_init_f32.o(.text)
    arm_bitreversal_f32                      0x08000b91   Thumb Code   184  arm_bitreversal.o(.text)
    arm_bitreversal_q31                      0x08000c49   Thumb Code   156  arm_bitreversal.o(.text)
    arm_bitreversal_q15                      0x08000ce5   Thumb Code   128  arm_bitreversal.o(.text)
    __use_no_semihosting                     0x08000d65   Thumb Code     2  use_no_semi_2.o(.text)
    __2printf                                0x08000d69   Thumb Code    20  noretval__2printf.o(.text)
    __printf                                 0x08000d81   Thumb Code   104  __printf.o(.text)
    _printf_int_hex                          0x08000de9   Thumb Code    84  _printf_hex_int.o(.text)
    _printf_longlong_hex                     0x08000de9   Thumb Code     0  _printf_hex_int.o(.text)
    __aeabi_memclr4                          0x08000e41   Thumb Code     0  rt_memclr_w.o(.text)
    __aeabi_memclr8                          0x08000e41   Thumb Code     0  rt_memclr_w.o(.text)
    __rt_memclr_w                            0x08000e41   Thumb Code    78  rt_memclr_w.o(.text)
    _memset_w                                0x08000e45   Thumb Code     0  rt_memclr_w.o(.text)
    __use_two_region_memory                  0x08000e8f   Thumb Code     2  heapauxi.o(.text)
    __rt_heap_escrow$2region                 0x08000e91   Thumb Code     2  heapauxi.o(.text)
    __rt_heap_expand$2region                 0x08000e93   Thumb Code     2  heapauxi.o(.text)
    __I$use$semihosting                      0x08000e95   Thumb Code     0  use_no_semi.o(.text)
    __use_no_semihosting_swi                 0x08000e95   Thumb Code     2  use_no_semi.o(.text)
    __read_errno                             0x08000e97   Thumb Code    10  _rserrno.o(.text)
    __set_errno                              0x08000ea1   Thumb Code    12  _rserrno.o(.text)
    _printf_int_common                       0x08000ead   Thumb Code   178  _printf_intcommon.o(.text)
    _printf_char_file                        0x08000f61   Thumb Code    32  _printf_char_file.o(.text)
    __aeabi_errno_addr                       0x08000f85   Thumb Code     8  rt_errno_addr_intlibspace.o(.text)
    __errno$intlibspace                      0x08000f85   Thumb Code     0  rt_errno_addr_intlibspace.o(.text)
    __rt_errno_addr$intlibspace              0x08000f85   Thumb Code     0  rt_errno_addr_intlibspace.o(.text)
    _printf_char_common                      0x08000f97   Thumb Code    32  _printf_char_common.o(.text)
    ferror                                   0x08000fbd   Thumb Code     8  ferror.o(.text)
    __user_libspace                          0x08000fc5   Thumb Code     8  libspace.o(.text)
    __user_perproc_libspace                  0x08000fc5   Thumb Code     0  libspace.o(.text)
    __user_perthread_libspace                0x08000fc5   Thumb Code     0  libspace.o(.text)
    __user_setup_stackheap                   0x08000fcd   Thumb Code    74  sys_stackheap_outer.o(.text)
    exit                                     0x08001017   Thumb Code    18  exit.o(.text)
    _fp_trap                                 0x08001029   Thumb Code    44  _fptrap.o(.text)
    __rt_SIGFPE                              0x08001059   Thumb Code    14  defsig_fpe_outer.o(.text)
    __sig_exit                               0x08001067   Thumb Code    10  defsig_exit.o(.text)
    __rt_SIGFPE_inner                        0x08001071   Thumb Code    62  defsig_fpe_inner.o(.text)
    __default_signal_display                 0x0800111d   Thumb Code    50  defsig_general.o(.text)
    BusFault_Handler                         0x080012c9   Thumb Code     4  stm32f7xx_it.o(i.BusFault_Handler)
    Cache_Enable                             0x080012cd   Thumb Code   112  sys.o(i.Cache_Enable)
    DAC1_Init                                0x08001345   Thumb Code    42  dac.o(i.DAC1_Init)
    DebugMon_Handler                         0x08001379   Thumb Code     2  stm32f7xx_it.o(i.DebugMon_Handler)
    EXTI0_IRQHandler                         0x0800137b   Thumb Code    10  exti.o(i.EXTI0_IRQHandler)
    EXTI15_10_IRQHandler                     0x08001385   Thumb Code    12  exti.o(i.EXTI15_10_IRQHandler)
    EXTI2_IRQHandler                         0x08001391   Thumb Code    10  exti.o(i.EXTI2_IRQHandler)
    EXTI3_IRQHandler                         0x0800139b   Thumb Code    10  exti.o(i.EXTI3_IRQHandler)
    EXTI_Init                                0x080013a5   Thumb Code   206  exti.o(i.EXTI_Init)
    FFTTask                                  0x0800148d   Thumb Code   318  ffttask.o(i.FFTTask)
    FMC_NORSRAM_Extended_Timing_Init         0x080015f1   Thumb Code    66  stm32f7xx_ll_fmc.o(i.FMC_NORSRAM_Extended_Timing_Init)
    FMC_NORSRAM_Init                         0x08001639   Thumb Code   124  stm32f7xx_ll_fmc.o(i.FMC_NORSRAM_Init)
    FMC_NORSRAM_Timing_Init                  0x080016b9   Thumb Code    94  stm32f7xx_ll_fmc.o(i.FMC_NORSRAM_Timing_Init)
    FindIdx                                  0x08001719   Thumb Code   394  ffttask.o(i.FindIdx)
    Get_Adc_ads1274                          0x080018bd   Thumb Code    96  myspi.o(i.Get_Adc_ads1274)
    HAL_ADC_Init                             0x08001921   Thumb Code   100  stm32f7xx_hal_adc.o(i.HAL_ADC_Init)
    HAL_ADC_MspInit                          0x08001989   Thumb Code    88  adc.o(i.HAL_ADC_MspInit)
    HAL_DAC_ConfigChannel                    0x080019e9   Thumb Code    90  stm32f7xx_hal_dac.o(i.HAL_DAC_ConfigChannel)
    HAL_DAC_Init                             0x08001a43   Thumb Code    40  stm32f7xx_hal_dac.o(i.HAL_DAC_Init)
    HAL_DAC_MspInit                          0x08001a6d   Thumb Code    90  dac.o(i.HAL_DAC_MspInit)
    HAL_DAC_Start                            0x08001ad1   Thumb Code   140  stm32f7xx_hal_dac.o(i.HAL_DAC_Start)
    HAL_DMA_Abort_IT                         0x08001b5d   Thumb Code    40  stm32f7xx_hal_dma.o(i.HAL_DMA_Abort_IT)
    HAL_GPIO_EXTI_Callback                   0x08001b85   Thumb Code   352  exti.o(i.HAL_GPIO_EXTI_Callback)
    HAL_GPIO_EXTI_IRQHandler                 0x08001cf9   Thumb Code    24  stm32f7xx_hal_gpio.o(i.HAL_GPIO_EXTI_IRQHandler)
    HAL_GPIO_Init                            0x08001d15   Thumb Code   484  stm32f7xx_hal_gpio.o(i.HAL_GPIO_Init)
    HAL_GPIO_ReadPin                         0x08001f2d   Thumb Code    16  stm32f7xx_hal_gpio.o(i.HAL_GPIO_ReadPin)
    HAL_GPIO_TogglePin                       0x08001f3d   Thumb Code     8  stm32f7xx_hal_gpio.o(i.HAL_GPIO_TogglePin)
    HAL_GPIO_WritePin                        0x08001f45   Thumb Code    12  stm32f7xx_hal_gpio.o(i.HAL_GPIO_WritePin)
    HAL_GetTick                              0x08001f51   Thumb Code     6  stm32f7xx_hal.o(i.HAL_GetTick)
    HAL_IncTick                              0x08001f5d   Thumb Code    12  stm32f7xx_hal.o(i.HAL_IncTick)
    HAL_Init                                 0x08001f6d   Thumb Code    34  stm32f7xx_hal.o(i.HAL_Init)
    HAL_InitTick                             0x08001f95   Thumb Code    36  stm32f7xx_hal.o(i.HAL_InitTick)
    HAL_MPU_ConfigRegion                     0x08001fbd   Thumb Code    88  stm32f7xx_hal_cortex.o(i.HAL_MPU_ConfigRegion)
    HAL_MspInit                              0x08002019   Thumb Code     2  stm32f7xx_hal.o(i.HAL_MspInit)
    HAL_NVIC_EnableIRQ                       0x0800201b   Thumb Code    26  stm32f7xx_hal_cortex.o(i.HAL_NVIC_EnableIRQ)
    HAL_NVIC_SetPriority                     0x08002035   Thumb Code   124  stm32f7xx_hal_cortex.o(i.HAL_NVIC_SetPriority)
    HAL_NVIC_SetPriorityGrouping             0x080020b1   Thumb Code    32  stm32f7xx_hal_cortex.o(i.HAL_NVIC_SetPriorityGrouping)
    HAL_PWREx_EnableOverDrive                0x080020d9   Thumb Code   136  stm32f7xx_hal_pwr_ex.o(i.HAL_PWREx_EnableOverDrive)
    HAL_RCC_ClockConfig                      0x08002169   Thumb Code   420  stm32f7xx_hal_rcc.o(i.HAL_RCC_ClockConfig)
    HAL_RCC_GetSysClockFreq                  0x0800231d   Thumb Code   168  stm32f7xx_hal_rcc.o(i.HAL_RCC_GetSysClockFreq)
    HAL_RCC_OscConfig                        0x080023d1   Thumb Code  1228  stm32f7xx_hal_rcc_ex.o(i.HAL_RCC_OscConfig)
    HAL_SRAM_Init                            0x080028a1   Thumb Code    88  stm32f7xx_hal_sram.o(i.HAL_SRAM_Init)
    HAL_SRAM_MspInit                         0x080028f9   Thumb Code   140  lcd.o(i.HAL_SRAM_MspInit)
    HAL_SYSTICK_CLKSourceConfig              0x08002991   Thumb Code    40  stm32f7xx_hal_cortex.o(i.HAL_SYSTICK_CLKSourceConfig)
    HAL_SYSTICK_Config                       0x080029b9   Thumb Code    52  stm32f7xx_hal_cortex.o(i.HAL_SYSTICK_Config)
    HAL_TIMEx_BreakCallback                  0x080029ed   Thumb Code     2  stm32f7xx_hal_tim_ex.o(i.HAL_TIMEx_BreakCallback)
    HAL_TIMEx_CommutationCallback            0x080029ef   Thumb Code     2  stm32f7xx_hal_tim_ex.o(i.HAL_TIMEx_CommutationCallback)
    HAL_TIM_IC_CaptureCallback               0x080029f1   Thumb Code     2  stm32f7xx_hal_tim.o(i.HAL_TIM_IC_CaptureCallback)
    HAL_TIM_IRQHandler                       0x080029f3   Thumb Code   440  stm32f7xx_hal_tim.o(i.HAL_TIM_IRQHandler)
    HAL_TIM_OC_DelayElapsedCallback          0x08002bab   Thumb Code     2  stm32f7xx_hal_tim.o(i.HAL_TIM_OC_DelayElapsedCallback)
    HAL_TIM_PWM_PulseFinishedCallback        0x08002bad   Thumb Code     2  stm32f7xx_hal_tim.o(i.HAL_TIM_PWM_PulseFinishedCallback)
    HAL_TIM_PeriodElapsedCallback            0x08002bb1   Thumb Code    20  timer.o(i.HAL_TIM_PeriodElapsedCallback)
    HAL_TIM_TriggerCallback                  0x08002bcd   Thumb Code     2  stm32f7xx_hal_tim.o(i.HAL_TIM_TriggerCallback)
    HAL_UART_ErrorCallback                   0x08002bcf   Thumb Code     2  stm32f7xx_hal_uart.o(i.HAL_UART_ErrorCallback)
    HAL_UART_GetState                        0x08002bd1   Thumb Code    20  stm32f7xx_hal_uart.o(i.HAL_UART_GetState)
    HAL_UART_IRQHandler                      0x08002be5   Thumb Code   344  stm32f7xx_hal_uart.o(i.HAL_UART_IRQHandler)
    HAL_UART_Receive_IT                      0x08002d41   Thumb Code   200  stm32f7xx_hal_uart.o(i.HAL_UART_Receive_IT)
    HAL_UART_RxCpltCallback                  0x08002e09   Thumb Code   120  usart.o(i.HAL_UART_RxCpltCallback)
    HAL_UART_TxCpltCallback                  0x08002e91   Thumb Code     2  stm32f7xx_hal_uart.o(i.HAL_UART_TxCpltCallback)
    HardFault_Handler                        0x08002e93   Thumb Code     4  stm32f7xx_it.o(i.HardFault_Handler)
    InitTask                                 0x08002e99   Thumb Code   258  task.o(i.InitTask)
    KEY_Scan                                 0x0800300d   Thumb Code   192  key.o(i.KEY_Scan)
    LCD_Clear                                0x080030d9   Thumb Code    42  lcd.o(i.LCD_Clear)
    LCD_Display_Dir                          0x0800310d   Thumb Code   348  lcd.o(i.LCD_Display_Dir)
    LCD_DrawLine                             0x0800326d   Thumb Code   176  lcd.o(i.LCD_DrawLine)
    LCD_DrawPicture                          0x0800331d   Thumb Code    80  lcd.o(i.LCD_DrawPicture)
    LCD_DrawPoint                            0x0800336d   Thumb Code    28  lcd.o(i.LCD_DrawPoint)
    LCD_Fast_DrawPoint                       0x08003391   Thumb Code   256  lcd.o(i.LCD_Fast_DrawPoint)
    LCD_Init                                 0x08003499   Thumb Code  9296  lcd.o(i.LCD_Init)
    LCD_MPU_Config                           0x080058f5   Thumb Code   128  lcd.o(i.LCD_MPU_Config)
    LCD_Pow                                  0x08005979   Thumb Code    22  lcd.o(i.LCD_Pow)
    LCD_RD_DATA                              0x08005991   Thumb Code    14  lcd.o(i.LCD_RD_DATA)
    LCD_SSD_BackLightSet                     0x080059a5   Thumb Code    72  lcd.o(i.LCD_SSD_BackLightSet)
    LCD_Scan_Dir                             0x080059f5   Thumb Code   624  lcd.o(i.LCD_Scan_Dir)
    LCD_SetCursor                            0x08005c69   Thumb Code   306  lcd.o(i.LCD_SetCursor)
    LCD_ShowChar                             0x08005da1   Thumb Code   288  lcd.o(i.LCD_ShowChar)
    LCD_ShowString                           0x08005edd   Thumb Code   102  lcd.o(i.LCD_ShowString)
    LCD_ShowxNum                             0x08005f43   Thumb Code   190  lcd.o(i.LCD_ShowxNum)
    LCD_WR_DATA                              0x08006001   Thumb Code    18  lcd.o(i.LCD_WR_DATA)
    LCD_WR_REG                               0x08006019   Thumb Code    18  lcd.o(i.LCD_WR_REG)
    LCD_WriteRAM_Prepare                     0x08006031   Thumb Code    10  lcd.o(i.LCD_WriteRAM_Prepare)
    LCD_WriteReg                             0x08006045   Thumb Code    10  lcd.o(i.LCD_WriteReg)
    LED_Init                                 0x08006055   Thumb Code    98  led.o(i.LED_Init)
    MY_ADC_Init                              0x080060c1   Thumb Code    54  adc.o(i.MY_ADC_Init)
    MemManage_Handler                        0x08006105   Thumb Code     4  stm32f7xx_it.o(i.MemManage_Handler)
    NMI_Handler                              0x08006109   Thumb Code     2  stm32f7xx_it.o(i.NMI_Handler)
    PendSV_Handler                           0x08006145   Thumb Code     2  stm32f7xx_it.o(i.PendSV_Handler)
    SPI_Init                                 0x080061e5   Thumb Code   118  myspi.o(i.SPI_Init)
    SVC_Handler                              0x08006265   Thumb Code     2  stm32f7xx_it.o(i.SVC_Handler)
    SelectTask                               0x08006269   Thumb Code   182  task.o(i.SelectTask)
    ShowTask                                 0x080063a1   Thumb Code  1464  ffttask.o(i.ShowTask)
    Stm32_Clock_Init                         0x08006985   Thumb Code   170  sys.o(i.Stm32_Clock_Init)
    SysTick_Handler                          0x08006a39   Thumb Code     8  stm32f7xx_it.o(i.SysTick_Handler)
    SystemInit                               0x08006a41   Thumb Code    82  system_stm32f7xx.o(i.SystemInit)
    TIM3_IRQHandler                          0x08006aa5   Thumb Code    10  timer.o(i.TIM3_IRQHandler)
    USART1_IRQHandler                        0x08006c01   Thumb Code    66  usart.o(i.USART1_IRQHandler)
    UsageFault_Handler                       0x08006c51   Thumb Code     4  stm32f7xx_it.o(i.UsageFault_Handler)
    __ARM_fpclassify                         0x08006c55   Thumb Code    48  fpclassify.o(i.__ARM_fpclassify)
    __hardfp_cos                             0x08006c89   Thumb Code   158  cos.o(i.__hardfp_cos)
    __hardfp_pow                             0x08006d39   Thumb Code  2140  pow.o(i.__hardfp_pow)
    __hardfp_sqrt                            0x08007631   Thumb Code   102  sqrt_full.o(i.__hardfp_sqrt)
    __ieee754_rem_pio2                       0x08007699   Thumb Code   646  rred.o(i.__ieee754_rem_pio2)
    __kernel_cos                             0x080079a9   Thumb Code   182  cos_i.o(i.__kernel_cos)
    __kernel_poly                            0x08007a89   Thumb Code   112  poly.o(i.__kernel_poly)
    __kernel_sin                             0x08007af9   Thumb Code   144  sin_i.o(i.__kernel_sin)
    __mathlib_dbl_divzero                    0x08007ba1   Thumb Code    14  dunder.o(i.__mathlib_dbl_divzero)
    __mathlib_dbl_infnan2                    0x08007bc1   Thumb Code     6  dunder.o(i.__mathlib_dbl_infnan2)
    __mathlib_dbl_invalid                    0x08007bc9   Thumb Code    10  dunder.o(i.__mathlib_dbl_invalid)
    __mathlib_dbl_overflow                   0x08007be1   Thumb Code    10  dunder.o(i.__mathlib_dbl_overflow)
    __mathlib_dbl_underflow                  0x08007bf9   Thumb Code    10  dunder.o(i.__mathlib_dbl_underflow)
    _sys_exit                                0x08007c11   Thumb Code     4  usart.o(i._sys_exit)
    _ttywrch                                 0x08007c15   Thumb Code     4  usart.o(i._ttywrch)
    calculate_A                              0x08007c19   Thumb Code   346  ffttask.o(i.calculate_A)
    calculate_f                              0x08007d89   Thumb Code    86  ffttask.o(i.calculate_f)
    correct_f_3                              0x08007df1   Thumb Code   100  ffttask.o(i.correct_f_3)
    delay_init                               0x08007e5d   Thumb Code    16  delay.o(i.delay_init)
    delay_ms                                 0x08007e71   Thumb Code    24  delay.o(i.delay_ms)
    delay_us                                 0x08007e89   Thumb Code    68  delay.o(i.delay_us)
    fabs                                     0x08007ed1   Thumb Code    24  fabs.o(i.fabs)
    fputc                                    0x08007ee9   Thumb Code    22  usart.o(i.fputc)
    main                                     0x08007f05   Thumb Code    44  main.o(i.main)
    sqrt                                     0x08007f35   Thumb Code   106  sqrt_full.o(i.sqrt)
    __fpl_dcheck_NaN1                        0x08007f9f   Thumb Code    28  dcheck1.o(x$fpl$dcheck1)
    __fpl_drenorm2                           0x08007fbb   Thumb Code   106  drenorm_clz.o(x$fpl$drenorm)
    __fpl_drenorm1                           0x08008025   Thumb Code     6  drenorm_clz.o(x$fpl$drenorm)
    __dunder                                 0x0800802b   Thumb Code   314  dunder_clz.o(x$fpl$dunder)
    __dunder_d                               0x08008165   Thumb Code    64  dunder_clz.o(x$fpl$dunder)
    __fpl_exception                          0x080081a5   Thumb Code   454  except.o(x$fpl$exception)
    _fp_init                                 0x08008391   Thumb Code    10  fpinit.o(x$fpl$fpinit)
    __fplib_config_fpu_vfp                   0x08008399   Thumb Code     0  fpinit.o(x$fpl$fpinit)
    __fplib_config_pureend_doubles           0x08008399   Thumb Code     0  fpinit.o(x$fpl$fpinit)
    __fpl_return_NaN                         0x0800839b   Thumb Code   178  retnan.o(x$fpl$retnan)
    __ARM_scalbn                             0x0800844d   Thumb Code   270  scalbn_clz.o(x$fpl$scalbn)
    _fp_trapveneer                           0x08008561   Thumb Code    36  trapv.o(x$fpl$trapveneer)
    __fpl_cmpreturn                          0x08008585   Thumb Code    90  trapv.o(x$fpl$trapveneer)
    AHBPrescTable                            0x080085de   Data          16  system_stm32f7xx.o(.constdata)
    __I$use$fp                               0x080085de   Number         0  usenofp.o(x$fpl$usenofp)
    APBPrescTable                            0x080085ee   Data           8  system_stm32f7xx.o(.constdata)
    asc2_1206                                0x080085f6   Data        1140  lcd.o(.constdata)
    asc2_1608                                0x08008a6a   Data        1520  lcd.o(.constdata)
    asc2_2412                                0x0800905a   Data        3420  lcd.o(.constdata)
    asc2_3216                                0x08009db6   Data       12160  lcd.o(.constdata)
    armBitRevTable                           0x0800cd36   Data        2048  arm_common_tables.o(.constdata)
    twiddleCoef_4096                         0x0800d538   Data       32768  arm_common_tables.o(.constdata)
    __mathlib_zero                           0x08015618   Data           8  qnan.o(.constdata)
    Region$$Table$$Base                      0x08015710   Number         0  anon$$obj.o(Region$$Table)
    Region$$Table$$Limit                     0x08015730   Number         0  anon$$obj.o(Region$$Table)
    SystemCoreClock                          0x20020000   Data           4  system_stm32f7xx.o(.data)
    uwTick                                   0x20020004   Data           4  stm32f7xx_hal.o(.data)
    __stdout                                 0x2002000c   Data           4  usart.o(.data)
    USART_RX_STA                             0x20020010   Data           2  usart.o(.data)
    aRxBuffer                                0x20020012   Data           1  usart.o(.data)
    POINT_COLOR                              0x20020014   Data           4  lcd.o(.data)
    BACK_COLOR                               0x20020018   Data           4  lcd.o(.data)
    gImage_picture                           0x2002001e   Data       78408  task.o(.data)
    gImage_XuZhe                             0x20033266   Data       24608  task.o(.data)
    gImage_Zobin                             0x20039286   Data       20008  task.o(.data)
    USART_RX_BUF                             0x2003e0c4   Data         200  usart.o(.bss)
    UART1_Handler                            0x2003e18c   Data         112  usart.o(.bss)
    SRAM_Handler                             0x2003e1fc   Data          76  lcd.o(.bss)
    lcddev                                   0x2003e248   Data          14  lcd.o(.bss)
    ADC1_Handler                             0x2003e258   Data          72  adc.o(.bss)
    DAC1_Handler                             0x2003e2a0   Data          20  dac.o(.bss)
    TIM3_Handler                             0x2003e2b4   Data          60  timer.o(.bss)
    __libspace_start                         0x2005a980   Data          96  libspace.o(.bss)
    __temporary_stack_top$libspace           0x2005a9e0   Data           0  libspace.o(.bss)



==============================================================================

Memory Map of the image

  Image Entry point : 0x080001f9

  Load Region LR_IROM1 (Base: 0x08000000, Size: 0x000337f4, Max: 0x00100000, ABSOLUTE, COMPRESSED[0x00021648])

    Execution Region ER_IROM1 (Base: 0x08000000, Size: 0x00015730, Max: 0x00100000, ABSOLUTE)

    Base Addr    Size         Type   Attr      Idx    E Section Name        Object

    0x08000000   0x000001f8   Data   RO          539    RESET               startup_stm32f767xx.o
    0x080001f8   0x00000008   Code   RO         4736  * !!!main             c_w.l(__main.o)
    0x08000200   0x00000034   Code   RO         5009    !!!scatter          c_w.l(__scatter.o)
    0x08000234   0x00000064   Code   RO         5007    !!dclz77c           c_w.l(__dclz77c.o)
    0x08000298   0x0000001c   Code   RO         5011    !!handler_zi        c_w.l(__scatter_zi.o)
    0x080002b4   0x00000000   Code   RO         4731    .ARM.Collect$$_printf_percent$$00000000  c_w.l(_printf_percent.o)
    0x080002b4   0x00000006   Code   RO         4730    .ARM.Collect$$_printf_percent$$0000000C  c_w.l(_printf_x.o)
    0x080002ba   0x00000004   Code   RO         4785    .ARM.Collect$$_printf_percent$$00000017  c_w.l(_printf_percent_end.o)
    0x080002be   0x00000002   Code   RO         4874    .ARM.Collect$$libinit$$00000000  c_w.l(libinit.o)
    0x080002c0   0x00000004   Code   RO         4885    .ARM.Collect$$libinit$$00000001  c_w.l(libinit2.o)
    0x080002c4   0x00000000   Code   RO         4888    .ARM.Collect$$libinit$$00000004  c_w.l(libinit2.o)
    0x080002c4   0x00000000   Code   RO         4891    .ARM.Collect$$libinit$$0000000A  c_w.l(libinit2.o)
    0x080002c4   0x00000000   Code   RO         4893    .ARM.Collect$$libinit$$0000000C  c_w.l(libinit2.o)
    0x080002c4   0x00000000   Code   RO         4895    .ARM.Collect$$libinit$$0000000E  c_w.l(libinit2.o)
    0x080002c4   0x00000000   Code   RO         4898    .ARM.Collect$$libinit$$00000011  c_w.l(libinit2.o)
    0x080002c4   0x00000000   Code   RO         4900    .ARM.Collect$$libinit$$00000013  c_w.l(libinit2.o)
    0x080002c4   0x00000000   Code   RO         4902    .ARM.Collect$$libinit$$00000015  c_w.l(libinit2.o)
    0x080002c4   0x00000000   Code   RO         4904    .ARM.Collect$$libinit$$00000017  c_w.l(libinit2.o)
    0x080002c4   0x00000000   Code   RO         4906    .ARM.Collect$$libinit$$00000019  c_w.l(libinit2.o)
    0x080002c4   0x00000000   Code   RO         4908    .ARM.Collect$$libinit$$0000001B  c_w.l(libinit2.o)
    0x080002c4   0x00000000   Code   RO         4910    .ARM.Collect$$libinit$$0000001D  c_w.l(libinit2.o)
    0x080002c4   0x00000000   Code   RO         4912    .ARM.Collect$$libinit$$0000001F  c_w.l(libinit2.o)
    0x080002c4   0x00000000   Code   RO         4914    .ARM.Collect$$libinit$$00000021  c_w.l(libinit2.o)
    0x080002c4   0x00000000   Code   RO         4916    .ARM.Collect$$libinit$$00000023  c_w.l(libinit2.o)
    0x080002c4   0x00000000   Code   RO         4918    .ARM.Collect$$libinit$$00000025  c_w.l(libinit2.o)
    0x080002c4   0x00000000   Code   RO         4922    .ARM.Collect$$libinit$$0000002C  c_w.l(libinit2.o)
    0x080002c4   0x00000000   Code   RO         4924    .ARM.Collect$$libinit$$0000002E  c_w.l(libinit2.o)
    0x080002c4   0x00000000   Code   RO         4926    .ARM.Collect$$libinit$$00000030  c_w.l(libinit2.o)
    0x080002c4   0x00000000   Code   RO         4928    .ARM.Collect$$libinit$$00000032  c_w.l(libinit2.o)
    0x080002c4   0x00000002   Code   RO         4929    .ARM.Collect$$libinit$$00000033  c_w.l(libinit2.o)
    0x080002c6   0x00000002   Code   RO         4957    .ARM.Collect$$libshutdown$$00000000  c_w.l(libshutdown.o)
    0x080002c8   0x00000000   Code   RO         4971    .ARM.Collect$$libshutdown$$00000002  c_w.l(libshutdown2.o)
    0x080002c8   0x00000000   Code   RO         4973    .ARM.Collect$$libshutdown$$00000004  c_w.l(libshutdown2.o)
    0x080002c8   0x00000000   Code   RO         4976    .ARM.Collect$$libshutdown$$00000007  c_w.l(libshutdown2.o)
    0x080002c8   0x00000000   Code   RO         4979    .ARM.Collect$$libshutdown$$0000000A  c_w.l(libshutdown2.o)
    0x080002c8   0x00000000   Code   RO         4981    .ARM.Collect$$libshutdown$$0000000C  c_w.l(libshutdown2.o)
    0x080002c8   0x00000000   Code   RO         4984    .ARM.Collect$$libshutdown$$0000000F  c_w.l(libshutdown2.o)
    0x080002c8   0x00000002   Code   RO         4985    .ARM.Collect$$libshutdown$$00000010  c_w.l(libshutdown2.o)
    0x080002ca   0x00000000   Code   RO         4778    .ARM.Collect$$rtentry$$00000000  c_w.l(__rtentry.o)
    0x080002ca   0x00000000   Code   RO         4829    .ARM.Collect$$rtentry$$00000002  c_w.l(__rtentry2.o)
    0x080002ca   0x00000006   Code   RO         4841    .ARM.Collect$$rtentry$$00000004  c_w.l(__rtentry4.o)
    0x080002d0   0x00000000   Code   RO         4831    .ARM.Collect$$rtentry$$00000009  c_w.l(__rtentry2.o)
    0x080002d0   0x00000004   Code   RO         4832    .ARM.Collect$$rtentry$$0000000A  c_w.l(__rtentry2.o)
    0x080002d4   0x00000000   Code   RO         4834    .ARM.Collect$$rtentry$$0000000C  c_w.l(__rtentry2.o)
    0x080002d4   0x00000008   Code   RO         4835    .ARM.Collect$$rtentry$$0000000D  c_w.l(__rtentry2.o)
    0x080002dc   0x00000002   Code   RO         4881    .ARM.Collect$$rtexit$$00000000  c_w.l(rtexit.o)
    0x080002de   0x00000000   Code   RO         4931    .ARM.Collect$$rtexit$$00000002  c_w.l(rtexit2.o)
    0x080002de   0x00000004   Code   RO         4932    .ARM.Collect$$rtexit$$00000003  c_w.l(rtexit2.o)
    0x080002e2   0x00000006   Code   RO         4933    .ARM.Collect$$rtexit$$00000004  c_w.l(rtexit2.o)
    0x080002e8   0x00000040   Code   RO          540    .text               startup_stm32f767xx.o
    0x08000328   0x00000100   Code   RO         4469    .text               arm_cortexM7lfdp_math.lib(arm_cmplx_mag_f32.o)
    0x08000428   0x000006a2   Code   RO         4521    .text               arm_cortexM7lfdp_math.lib(arm_cfft_radix4_f32.o)
    0x08000aca   0x00000002   PAD
    0x08000acc   0x000000c4   Code   RO         4548    .text               arm_cortexM7lfdp_math.lib(arm_cfft_radix4_init_f32.o)
    0x08000b90   0x000001d4   Code   RO         4576    .text               arm_cortexM7lfdp_math.lib(arm_bitreversal.o)
    0x08000d64   0x00000002   Code   RO         4681    .text               c_w.l(use_no_semi_2.o)
    0x08000d66   0x00000002   PAD
    0x08000d68   0x00000018   Code   RO         4685    .text               c_w.l(noretval__2printf.o)
    0x08000d80   0x00000068   Code   RO         4687    .text               c_w.l(__printf.o)
    0x08000de8   0x00000058   Code   RO         4692    .text               c_w.l(_printf_hex_int.o)
    0x08000e40   0x0000004e   Code   RO         4732    .text               c_w.l(rt_memclr_w.o)
    0x08000e8e   0x00000006   Code   RO         4734    .text               c_w.l(heapauxi.o)
    0x08000e94   0x00000002   Code   RO         4776    .text               c_w.l(use_no_semi.o)
    0x08000e96   0x00000016   Code   RO         4779    .text               c_w.l(_rserrno.o)
    0x08000eac   0x000000b2   Code   RO         4781    .text               c_w.l(_printf_intcommon.o)
    0x08000f5e   0x00000002   PAD
    0x08000f60   0x00000024   Code   RO         4783    .text               c_w.l(_printf_char_file.o)
    0x08000f84   0x00000008   Code   RO         4846    .text               c_w.l(rt_errno_addr_intlibspace.o)
    0x08000f8c   0x00000030   Code   RO         4848    .text               c_w.l(_printf_char_common.o)
    0x08000fbc   0x00000008   Code   RO         4850    .text               c_w.l(ferror.o)
    0x08000fc4   0x00000008   Code   RO         4860    .text               c_w.l(libspace.o)
    0x08000fcc   0x0000004a   Code   RO         4863    .text               c_w.l(sys_stackheap_outer.o)
    0x08001016   0x00000012   Code   RO         4867    .text               c_w.l(exit.o)
    0x08001028   0x00000030   Code   RO         4883    .text               c_w.l(_fptrap.o)
    0x08001058   0x0000000e   Code   RO         4937    .text               c_w.l(defsig_fpe_outer.o)
    0x08001066   0x0000000a   Code   RO         4947    .text               c_w.l(defsig_exit.o)
    0x08001070   0x000000ac   Code   RO         4949    .text               c_w.l(defsig_fpe_inner.o)
    0x0800111c   0x00000032   Code   RO         4964    .text               c_w.l(defsig_general.o)
    0x0800114e   0x00000002   PAD
    0x08001150   0x00000178   Code   RO         3148    i.ADC_Init          stm32f7xx_hal_adc.o
    0x080012c8   0x00000004   Code   RO          304    i.BusFault_Handler  stm32f7xx_it.o
    0x080012cc   0x00000078   Code   RO         3684    i.Cache_Enable      sys.o
    0x08001344   0x00000034   Code   RO         4260    i.DAC1_Init         dac.o
    0x08001378   0x00000002   Code   RO          305    i.DebugMon_Handler  stm32f7xx_it.o
    0x0800137a   0x0000000a   Code   RO         4119    i.EXTI0_IRQHandler  exti.o
    0x08001384   0x0000000c   Code   RO         4120    i.EXTI15_10_IRQHandler  exti.o
    0x08001390   0x0000000a   Code   RO         4121    i.EXTI2_IRQHandler  exti.o
    0x0800139a   0x0000000a   Code   RO         4122    i.EXTI3_IRQHandler  exti.o
    0x080013a4   0x000000e8   Code   RO         4123    i.EXTI_Init         exti.o
    0x0800148c   0x00000164   Code   RO         4350    i.FFTTask           ffttask.o
    0x080015f0   0x00000048   Code   RO         2883    i.FMC_NORSRAM_Extended_Timing_Init  stm32f7xx_ll_fmc.o
    0x08001638   0x00000080   Code   RO         2884    i.FMC_NORSRAM_Init  stm32f7xx_ll_fmc.o
    0x080016b8   0x0000005e   Code   RO         2885    i.FMC_NORSRAM_Timing_Init  stm32f7xx_ll_fmc.o
    0x08001716   0x00000002   PAD
    0x08001718   0x000001a4   Code   RO         4351    i.FindIdx           ffttask.o
    0x080018bc   0x00000064   Code   RO         4439    i.Get_Adc_ads1274   myspi.o
    0x08001920   0x00000068   Code   RO         3159    i.HAL_ADC_Init      stm32f7xx_hal_adc.o
    0x08001988   0x00000060   Code   RO         4212    i.HAL_ADC_MspInit   adc.o
    0x080019e8   0x0000005a   Code   RO         3423    i.HAL_DAC_ConfigChannel  stm32f7xx_hal_dac.o
    0x08001a42   0x00000028   Code   RO         3433    i.HAL_DAC_Init      stm32f7xx_hal_dac.o
    0x08001a6a   0x00000002   PAD
    0x08001a6c   0x00000064   Code   RO         4262    i.HAL_DAC_MspInit   dac.o
    0x08001ad0   0x0000008c   Code   RO         3437    i.HAL_DAC_Start     stm32f7xx_hal_dac.o
    0x08001b5c   0x00000028   Code   RO          850    i.HAL_DMA_Abort_IT  stm32f7xx_hal_dma.o
    0x08001b84   0x00000174   Code   RO         4124    i.HAL_GPIO_EXTI_Callback  exti.o
    0x08001cf8   0x0000001c   Code   RO          995    i.HAL_GPIO_EXTI_IRQHandler  stm32f7xx_hal_gpio.o
    0x08001d14   0x00000218   Code   RO          996    i.HAL_GPIO_Init     stm32f7xx_hal_gpio.o
    0x08001f2c   0x00000010   Code   RO          998    i.HAL_GPIO_ReadPin  stm32f7xx_hal_gpio.o
    0x08001f3c   0x00000008   Code   RO          999    i.HAL_GPIO_TogglePin  stm32f7xx_hal_gpio.o
    0x08001f44   0x0000000c   Code   RO         1000    i.HAL_GPIO_WritePin  stm32f7xx_hal_gpio.o
    0x08001f50   0x0000000c   Code   RO          564    i.HAL_GetTick       stm32f7xx_hal.o
    0x08001f5c   0x00000010   Code   RO          565    i.HAL_IncTick       stm32f7xx_hal.o
    0x08001f6c   0x00000028   Code   RO          566    i.HAL_Init          stm32f7xx_hal.o
    0x08001f94   0x00000028   Code   RO          567    i.HAL_InitTick      stm32f7xx_hal.o
    0x08001fbc   0x0000005c   Code   RO          718    i.HAL_MPU_ConfigRegion  stm32f7xx_hal_cortex.o
    0x08002018   0x00000002   Code   RO          569    i.HAL_MspInit       stm32f7xx_hal.o
    0x0800201a   0x0000001a   Code   RO          721    i.HAL_NVIC_EnableIRQ  stm32f7xx_hal_cortex.o
    0x08002034   0x0000007c   Code   RO          727    i.HAL_NVIC_SetPriority  stm32f7xx_hal_cortex.o
    0x080020b0   0x00000028   Code   RO          728    i.HAL_NVIC_SetPriorityGrouping  stm32f7xx_hal_cortex.o
    0x080020d8   0x00000090   Code   RO         1189    i.HAL_PWREx_EnableOverDrive  stm32f7xx_hal_pwr_ex.o
    0x08002168   0x000001b4   Code   RO         1276    i.HAL_RCC_ClockConfig  stm32f7xx_hal_rcc.o
    0x0800231c   0x000000b4   Code   RO         1285    i.HAL_RCC_GetSysClockFreq  stm32f7xx_hal_rcc.o
    0x080023d0   0x000004d0   Code   RO         1380    i.HAL_RCC_OscConfig  stm32f7xx_hal_rcc_ex.o
    0x080028a0   0x00000058   Code   RO         3029    i.HAL_SRAM_Init     stm32f7xx_hal_sram.o
    0x080028f8   0x00000098   Code   RO         3868    i.HAL_SRAM_MspInit  lcd.o
    0x08002990   0x00000028   Code   RO          730    i.HAL_SYSTICK_CLKSourceConfig  stm32f7xx_hal_cortex.o
    0x080029b8   0x00000034   Code   RO          732    i.HAL_SYSTICK_Config  stm32f7xx_hal_cortex.o
    0x080029ec   0x00000002   Code   RO         2596    i.HAL_TIMEx_BreakCallback  stm32f7xx_hal_tim_ex.o
    0x080029ee   0x00000002   Code   RO         2597    i.HAL_TIMEx_CommutationCallback  stm32f7xx_hal_tim_ex.o
    0x080029f0   0x00000002   Code   RO         1982    i.HAL_TIM_IC_CaptureCallback  stm32f7xx_hal_tim.o
    0x080029f2   0x000001b8   Code   RO         1995    i.HAL_TIM_IRQHandler  stm32f7xx_hal_tim.o
    0x08002baa   0x00000002   Code   RO         1998    i.HAL_TIM_OC_DelayElapsedCallback  stm32f7xx_hal_tim.o
    0x08002bac   0x00000002   Code   RO         2025    i.HAL_TIM_PWM_PulseFinishedCallback  stm32f7xx_hal_tim.o
    0x08002bae   0x00000002   PAD
    0x08002bb0   0x0000001c   Code   RO         4303    i.HAL_TIM_PeriodElapsedCallback  timer.o
    0x08002bcc   0x00000002   Code   RO         2036    i.HAL_TIM_TriggerCallback  stm32f7xx_hal_tim.o
    0x08002bce   0x00000002   Code   RO         1434    i.HAL_UART_ErrorCallback  stm32f7xx_hal_uart.o
    0x08002bd0   0x00000014   Code   RO         1436    i.HAL_UART_GetState  stm32f7xx_hal_uart.o
    0x08002be4   0x0000015c   Code   RO         1437    i.HAL_UART_IRQHandler  stm32f7xx_hal_uart.o
    0x08002d40   0x000000c8   Code   RO         1443    i.HAL_UART_Receive_IT  stm32f7xx_hal_uart.o
    0x08002e08   0x00000088   Code   RO         3739    i.HAL_UART_RxCpltCallback  usart.o
    0x08002e90   0x00000002   Code   RO         1449    i.HAL_UART_TxCpltCallback  stm32f7xx_hal_uart.o
    0x08002e92   0x00000004   Code   RO          306    i.HardFault_Handler  stm32f7xx_it.o
    0x08002e96   0x00000002   PAD
    0x08002e98   0x00000174   Code   RO         4174    i.InitTask          task.o
    0x0800300c   0x000000cc   Code   RO         3834    i.KEY_Scan          key.o
    0x080030d8   0x00000034   Code   RO         3870    i.LCD_Clear         lcd.o
    0x0800310c   0x00000160   Code   RO         3874    i.LCD_Display_Dir   lcd.o
    0x0800326c   0x000000b0   Code   RO         3875    i.LCD_DrawLine      lcd.o
    0x0800331c   0x00000050   Code   RO         3876    i.LCD_DrawPicture   lcd.o
    0x0800336c   0x00000024   Code   RO         3877    i.LCD_DrawPoint     lcd.o
    0x08003390   0x00000108   Code   RO         3880    i.LCD_Fast_DrawPoint  lcd.o
    0x08003498   0x0000245c   Code   RO         3882    i.LCD_Init          lcd.o
    0x080058f4   0x00000084   Code   RO         3883    i.LCD_MPU_Config    lcd.o
    0x08005978   0x00000016   Code   RO         3884    i.LCD_Pow           lcd.o
    0x0800598e   0x00000002   PAD
    0x08005990   0x00000014   Code   RO         3885    i.LCD_RD_DATA       lcd.o
    0x080059a4   0x00000050   Code   RO         3888    i.LCD_SSD_BackLightSet  lcd.o
    0x080059f4   0x00000274   Code   RO         3889    i.LCD_Scan_Dir      lcd.o
    0x08005c68   0x00000138   Code   RO         3890    i.LCD_SetCursor     lcd.o
    0x08005da0   0x0000013c   Code   RO         3892    i.LCD_ShowChar      lcd.o
    0x08005edc   0x00000066   Code   RO         3894    i.LCD_ShowString    lcd.o
    0x08005f42   0x000000be   Code   RO         3895    i.LCD_ShowxNum      lcd.o
    0x08006000   0x00000018   Code   RO         3896    i.LCD_WR_DATA       lcd.o
    0x08006018   0x00000018   Code   RO         3897    i.LCD_WR_REG        lcd.o
    0x08006030   0x00000014   Code   RO         3899    i.LCD_WriteRAM_Prepare  lcd.o
    0x08006044   0x00000010   Code   RO         3900    i.LCD_WriteReg      lcd.o
    0x08006054   0x0000006c   Code   RO         3809    i.LED_Init          led.o
    0x080060c0   0x00000044   Code   RO         4213    i.MY_ADC_Init       adc.o
    0x08006104   0x00000004   Code   RO          307    i.MemManage_Handler  stm32f7xx_it.o
    0x08006108   0x00000002   Code   RO          308    i.NMI_Handler       stm32f7xx_it.o
    0x0800610a   0x00000002   PAD
    0x0800610c   0x00000010   Code   RO          734    i.NVIC_GetPriorityGrouping  stm32f7xx_hal_cortex.o
    0x0800611c   0x00000028   Code   RO          735    i.NVIC_SetPriority  stm32f7xx_hal_cortex.o
    0x08006144   0x00000002   Code   RO          309    i.PendSV_Handler    stm32f7xx_it.o
    0x08006146   0x00000002   PAD
    0x08006148   0x0000009c   Code   RO         3687    i.SCB_EnableDCache  sys.o
    0x080061e4   0x00000080   Code   RO         4440    i.SPI_Init          myspi.o
    0x08006264   0x00000002   Code   RO          310    i.SVC_Handler       stm32f7xx_it.o
    0x08006266   0x00000002   PAD
    0x08006268   0x00000138   Code   RO         4175    i.SelectTask        task.o
    0x080063a0   0x000005e4   Code   RO         4352    i.ShowTask          ffttask.o
    0x08006984   0x000000b4   Code   RO         3688    i.Stm32_Clock_Init  sys.o
    0x08006a38   0x00000008   Code   RO          311    i.SysTick_Handler   stm32f7xx_it.o
    0x08006a40   0x00000064   Code   RO          383    i.SystemInit        system_stm32f7xx.o
    0x08006aa4   0x00000010   Code   RO         4304    i.TIM3_IRQHandler   timer.o
    0x08006ab4   0x00000018   Code   RO         1453    i.UART_DMAAbortOnError  stm32f7xx_hal_uart.o
    0x08006acc   0x00000020   Code   RO         1459    i.UART_EndRxTransfer  stm32f7xx_hal_uart.o
    0x08006aec   0x00000020   Code   RO         1460    i.UART_EndTransmit_IT  stm32f7xx_hal_uart.o
    0x08006b0c   0x00000088   Code   RO         1462    i.UART_Receive_IT   stm32f7xx_hal_uart.o
    0x08006b94   0x0000006a   Code   RO         1464    i.UART_Transmit_IT  stm32f7xx_hal_uart.o
    0x08006bfe   0x00000002   PAD
    0x08006c00   0x00000050   Code   RO         3740    i.USART1_IRQHandler  usart.o
    0x08006c50   0x00000004   Code   RO          312    i.UsageFault_Handler  stm32f7xx_it.o
    0x08006c54   0x00000030   Code   RO         4812    i.__ARM_fpclassify  m_wv.l(fpclassify.o)
    0x08006c84   0x00000004   PAD
    0x08006c88   0x000000b0   Code   RO         4738    i.__hardfp_cos      m_wv.l(cos.o)
    0x08006d38   0x000008f8   Code   RO         4750    i.__hardfp_pow      m_wv.l(pow.o)
    0x08007630   0x00000066   Code   RO         4764    i.__hardfp_sqrt     m_wv.l(sqrt_full.o)
    0x08007696   0x00000002   PAD
    0x08007698   0x00000310   Code   RO         4817    i.__ieee754_rem_pio2  m_wv.l(rred.o)
    0x080079a8   0x000000e0   Code   RO         4789    i.__kernel_cos      m_wv.l(cos_i.o)
    0x08007a88   0x00000070   Code   RO         4814    i.__kernel_poly     m_wv.l(poly.o)
    0x08007af8   0x000000a8   Code   RO         4822    i.__kernel_sin      m_wv.l(sin_i.o)
    0x08007ba0   0x00000020   Code   RO         4792    i.__mathlib_dbl_divzero  m_wv.l(dunder.o)
    0x08007bc0   0x00000006   Code   RO         4794    i.__mathlib_dbl_infnan2  m_wv.l(dunder.o)
    0x08007bc6   0x00000002   PAD
    0x08007bc8   0x00000018   Code   RO         4795    i.__mathlib_dbl_invalid  m_wv.l(dunder.o)
    0x08007be0   0x00000018   Code   RO         4796    i.__mathlib_dbl_overflow  m_wv.l(dunder.o)
    0x08007bf8   0x00000018   Code   RO         4798    i.__mathlib_dbl_underflow  m_wv.l(dunder.o)
    0x08007c10   0x00000004   Code   RO         3741    i._sys_exit         usart.o
    0x08007c14   0x00000004   Code   RO         3742    i._ttywrch          usart.o
    0x08007c18   0x00000170   Code   RO         4353    i.calculate_A       ffttask.o
    0x08007d88   0x00000068   Code   RO         4354    i.calculate_f       ffttask.o
    0x08007df0   0x0000006c   Code   RO         4357    i.correct_f_3       ffttask.o
    0x08007e5c   0x00000014   Code   RO         3645    i.delay_init        delay.o
    0x08007e70   0x00000018   Code   RO         3646    i.delay_ms          delay.o
    0x08007e88   0x00000048   Code   RO         3647    i.delay_us          delay.o
    0x08007ed0   0x00000018   Code   RO         4808    i.fabs              m_wv.l(fabs.o)
    0x08007ee8   0x0000001c   Code   RO         3743    i.fputc             usart.o
    0x08007f04   0x00000030   Code   RO            4    i.main              main.o
    0x08007f34   0x0000006a   Code   RO         4766    i.sqrt              m_wv.l(sqrt_full.o)
    0x08007f9e   0x0000001c   Code   RO         4854    x$fpl$dcheck1       g_wv.l(dcheck1.o)
    0x08007fba   0x00000070   Code   RO         4875    x$fpl$drenorm       g_wv.l(drenorm_clz.o)
    0x0800802a   0x0000017a   Code   RO         4856    x$fpl$dunder        g_wv.l(dunder_clz.o)
    0x080081a4   0x000001ec   Code   RO         4858    x$fpl$exception     g_wv.l(except.o)
    0x08008390   0x0000000a   Code   RO         4943    x$fpl$fpinit        g_wv.l(fpinit.o)
    0x0800839a   0x000000b2   Code   RO         4877    x$fpl$retnan        g_wv.l(retnan.o)
    0x0800844c   0x00000114   Code   RO         4786    x$fpl$scalbn        g_wv.l(scalbn_clz.o)
    0x08008560   0x0000007e   Code   RO         4879    x$fpl$trapveneer    g_wv.l(trapv.o)
    0x080085de   0x00000000   Code   RO         4788    x$fpl$usenofp       g_wv.l(usenofp.o)
    0x080085de   0x00000018   Data   RO          384    .constdata          system_stm32f7xx.o
    0x080085f6   0x00004740   Data   RO         3904    .constdata          lcd.o
    0x0800cd36   0x00000800   Data   RO         4600    .constdata          arm_cortexM7lfdp_math.lib(arm_common_tables.o)
    0x0800d536   0x00000002   PAD
    0x0800d538   0x00008000   Data   RO         4609    .constdata          arm_cortexM7lfdp_math.lib(arm_common_tables.o)
    0x08015538   0x00000028   Data   RO         4693    .constdata          c_w.l(_printf_hex_int.o)
    0x08015560   0x00000088   Data   RO         4753    .constdata          m_wv.l(pow.o)
    0x080155e8   0x00000030   Data   RO         4790    .constdata          m_wv.l(cos_i.o)
    0x08015618   0x00000008   Data   RO         4816    .constdata          m_wv.l(qnan.o)
    0x08015620   0x000000c8   Data   RO         4819    .constdata          m_wv.l(rred.o)
    0x080156e8   0x00000028   Data   RO         4823    .constdata          m_wv.l(sin_i.o)
    0x08015710   0x00000020   Data   RO         5005    Region$$Table       anon$$obj.o


    Execution Region RW_IRAM1 (Base: 0x20020000, Size: 0x0003ebe0, Max: 0x00060000, ABSOLUTE, COMPRESSED[0x0000bf18])

    Base Addr    Size         Type   Attr      Idx    E Section Name        Object

    0x20020000   0x00000004   Data   RW          385    .data               system_stm32f7xx.o
    0x20020004   0x00000004   Data   RW          572    .data               stm32f7xx_hal.o
    0x20020008   0x00000004   Data   RW         3648    .data               delay.o
    0x2002000c   0x00000007   Data   RW         3746    .data               usart.o
    0x20020013   0x00000001   Data   RW         3835    .data               key.o
    0x20020014   0x00000008   Data   RW         3905    .data               lcd.o
    0x2002001c   0x00000002   Data   RW         4125    .data               exti.o
    0x2002001e   0x0001e090   Data   RW         4177    .data               task.o
    0x2003e0ae   0x00000002   PAD
    0x2003e0b0   0x00000014   Data   RW         4362    .data               ffttask.o
    0x2003e0c4   0x00000138   Zero   RW         3745    .bss                usart.o
    0x2003e1fc   0x0000005a   Zero   RW         3903    .bss                lcd.o
    0x2003e256   0x00000002   PAD
    0x2003e258   0x00000048   Zero   RW         4214    .bss                adc.o
    0x2003e2a0   0x00000014   Zero   RW         4263    .bss                dac.o
    0x2003e2b4   0x0000003c   Zero   RW         4306    .bss                timer.o
    0x2003e2f0   0x0001c690   Zero   RW         4360    .bss                ffttask.o
    0x2005a980   0x00000060   Zero   RW         4861    .bss                c_w.l(libspace.o)
    0x2005a9e0   0x00000200   Zero   RW          538    HEAP                startup_stm32f767xx.o
    0x2005abe0   0x00004000   Zero   RW          537    STACK               startup_stm32f767xx.o


==============================================================================

Image component sizes


      Code (inc. data)   RO Data    RW Data    ZI Data      Debug   Object Name

       164         22          0          0         72       1667   adc.o
       152         20          0          0         20       1637   dac.o
       116          8          0          4          0       1879   delay.o
       646         46          0          2          0       3693   exti.o
      2864        308          0         20     116368       6800   ffttask.o
       204         12          0          1          0        699   key.o
     12306        198      18240          8         90      28898   lcd.o
       108         10          0          0          0        835   led.o
        48          4          0          0          0     478755   main.o
       228         14          0          0          0       1569   myspi.o
        64         26        504          0      16896        816   startup_stm32f767xx.o
       110         20          0          4          0       3613   stm32f7xx_hal.o
       480         18          0          0          0       1747   stm32f7xx_hal_adc.o
       430         26          0          0          0      37248   stm32f7xx_hal_cortex.o
       270          0          0          0          0       2727   stm32f7xx_hal_dac.o
        40          0          0          0          0       1115   stm32f7xx_hal_dma.o
       600         56          0          0          0       4267   stm32f7xx_hal_gpio.o
       144          8          0          0          0       1244   stm32f7xx_hal_pwr_ex.o
       616         28          0          0          0       2256   stm32f7xx_hal_rcc.o
      1232         12          0          0          0       1812   stm32f7xx_hal_rcc_ex.o
        88          0          0          0          0       1176   stm32f7xx_hal_sram.o
       448          0          0          0          0       3574   stm32f7xx_hal_tim.o
         4          0          0          0          0       1598   stm32f7xx_hal_tim_ex.o
       902          4          0          0          0       7259   stm32f7xx_hal_uart.o
        32          0          0          0          0       3898   stm32f7xx_it.o
       294         10          0          0          0       2728   stm32f7xx_ll_fmc.o
       456         26          0          0          0      33897   sys.o
       100         18         24          4          0       1035   system_stm32f7xx.o
       684        244          0     123024          0       1639   task.o
        44         14          0          0         60       1553   timer.o
       252         36          0          7        312       4505   usart.o

    ----------------------------------------------------------------------
     24144       1188      18800     123076     133820     646139   Object Totals
         0          0         32          0          0          0   (incl. Generated)
        18          0          0          2          2          0   (incl. Padding)

    ----------------------------------------------------------------------

      Code (inc. data)   RO Data    RW Data    ZI Data      Debug   Library Member Name

       468          0          0          0          0       3046   arm_bitreversal.o
      1698          0          0          0          0      18724   arm_cfft_radix4_f32.o
       196         44          0          0          0        895   arm_cfft_radix4_init_f32.o
       256          6          0          0          0      17508   arm_cmplx_mag_f32.o
         0          0      34816          0          0       4636   arm_common_tables.o
       100          0          0          0          0          0   __dclz77c.o
         8          0          0          0          0         68   __main.o
       104          0          0          0          0         84   __printf.o
         0          0          0          0          0          0   __rtentry.o
        12          0          0          0          0          0   __rtentry2.o
         6          0          0          0          0          0   __rtentry4.o
        52          8          0          0          0          0   __scatter.o
        28          0          0          0          0          0   __scatter_zi.o
        48          4          0          0          0         84   _fptrap.o
        48          6          0          0          0         96   _printf_char_common.o
        36          4          0          0          0         80   _printf_char_file.o
        88          4         40          0          0         88   _printf_hex_int.o
       178          0          0          0          0         88   _printf_intcommon.o
         0          0          0          0          0          0   _printf_percent.o
         4          0          0          0          0          0   _printf_percent_end.o
         6          0          0          0          0          0   _printf_x.o
        22          0          0          0          0        100   _rserrno.o
        10          0          0          0          0         68   defsig_exit.o
       172        110          0          0          0         76   defsig_fpe_inner.o
        14          0          0          0          0         80   defsig_fpe_outer.o
        50          0          0          0          0         88   defsig_general.o
        18          0          0          0          0         80   exit.o
         8          0          0          0          0         68   ferror.o
         6          0          0          0          0        152   heapauxi.o
         2          0          0          0          0          0   libinit.o
         6          0          0          0          0          0   libinit2.o
         2          0          0          0          0          0   libshutdown.o
         2          0          0          0          0          0   libshutdown2.o
         8          4          0          0         96         68   libspace.o
        24          4          0          0          0         84   noretval__2printf.o
         8          4          0          0          0         68   rt_errno_addr_intlibspace.o
        78          0          0          0          0         80   rt_memclr_w.o
         2          0          0          0          0          0   rtexit.o
        10          0          0          0          0          0   rtexit2.o
        74          0          0          0          0         80   sys_stackheap_outer.o
         2          0          0          0          0         68   use_no_semi.o
         2          0          0          0          0         68   use_no_semi_2.o
        28          0          0          0          0        116   dcheck1.o
       112          0          0          0          0        160   drenorm_clz.o
       378          0          0          0          0        168   dunder_clz.o
       492         36          0          0          0        148   except.o
        10          0          0          0          0        116   fpinit.o
       178          0          0          0          0        116   retnan.o
       276          4          0          0          0        124   scalbn_clz.o
       126          0          0          0          0        148   trapv.o
         0          0          0          0          0          0   usenofp.o
       176         18          0          0          0        156   cos.o
       224         42         48          0          0        184   cos_i.o
       110         60          0          0          0        580   dunder.o
        24          0          0          0          0        124   fabs.o
        48          0          0          0          0        124   fpclassify.o
       112          0          0          0          0        116   poly.o
      2296        304        136          0          0        320   pow.o
         0          0          8          0          0          0   qnan.o
       784        138        200          0          0        172   rred.o
       168         24         40          0          0        196   sin_i.o
       208          0          0          0          0        280   sqrt_full.o

    ----------------------------------------------------------------------
      9622        824      35290          0         96      49973   Library Totals
        16          0          2          0          0          0   (incl. Padding)

    ----------------------------------------------------------------------

      Code (inc. data)   RO Data    RW Data    ZI Data      Debug   Library Name

      2618         50      34816          0          0      44809   arm_cortexM7lfdp_math.lib
      1238        148         40          0         96       1816   c_w.l
      1600         40          0          0          0       1096   g_wv.l
      4150        586        432          0          0       2252   m_wv.l

    ----------------------------------------------------------------------
      9622        824      35290          0         96      49973   Library Totals

    ----------------------------------------------------------------------

==============================================================================


      Code (inc. data)   RO Data    RW Data    ZI Data      Debug   

     33766       2012      54090     123076     133916     682176   Grand Totals
     33766       2012      54090      48920     133916     682176   ELF Image Totals (compressed)
     33766       2012      54090      48920          0          0   ROM Totals

==============================================================================

    Total RO  Size (Code + RO Data)                87856 (  85.80kB)
    Total RW  Size (RW Data + ZI Data)            256992 ( 250.97kB)
    Total ROM Size (Code + RO Data + RW Data)     136776 ( 133.57kB)

==============================================================================

